
[main 2026-09-10T15:10:18.614Z] StorageMainService: creating application shared storage
[main 2026-09-10T15:10:18.694Z] [shared storage] Creating shared storage database at ':memory:' (wasCreated: true)
[main 2026-09-10T15:10:18.698Z] [shared storage] Initializing fallback application storage (path: in-memory)
[main 2026-09-10T15:10:18.724Z] [shared storage] Fallback application storage initialized with 3 items
[main 2026-09-10T15:10:19.497Z] update#setState idle
[RemoteAgentHost] Reconciling: desired=[], current=[]
[AgentHost:renderer] Acquiring MessagePort to agent host...
[main 2026-09-10T15:10:19.524Z] AgentHostProcessManager: agent host started
[ChatModelSelection] event=no-model-at-toolbar-build surface="workbench" sessionKey=undefined conversationKey=undefined modelTarget=undefined storageKey="chat.currentLanguageModel.panel" widgetViewKind="view"
[AgentHost:renderer] MessagePort acquired, creating client...
[ChatModelSelection] event=no-model-at-toolbar-build surface="workbench" sessionKey="local" conversationKey="vscode-chat-session://local/MzllZTIyYjYtNTJkZi00OTNmLWI3YjItYTcwYThjODZiNjdl" modelTarget=undefined storageKey="chat.currentLanguageModel.panel" widgetViewKind="view"
[AgentHost:renderer] Protocol connection established; clientId=a4889438-244e-4782-ae7d-f5dc8ccf1440
Started initializing default profile extensions in extensions installation folder. file:///i%3A/BackFile/code/hornet-cpptools/Extension/artifacts/stm32-host/extensions
Started local extension host with pid 19996.
Completed initializing default profile extensions in extensions installation folder. file:///i%3A/BackFile/code/hornet-cpptools/Extension/artifacts/stm32-host/extensions
[AccountPolicyGate] apply: state=inactive, reason=undefined, isRestricted=false
[AgentHost] No signed-in session resolved for resource: https://api.github.com
[AgentHost] No signed-in session resolved for resource: https://api.github.com/repos
[AgentHost] No signed-in session resolved for resource: https://api.github.com
[AgentHost] No signed-in session resolved for resource: https://api.github.com/repos
Loading development extension at i:\BackFile\code\hornet-cpptools\Extension
[AgentHost] No signed-in session resolved for resource: https://api.github.com
[AgentHost] No signed-in session resolved for resource: https://api.github.com
[AgentHost] No signed-in session resolved for resource: https://api.github.com/repos
[AgentHost] No signed-in session resolved for resource: https://api.github.com/repos
[AgentHost] No signed-in session resolved for resource: https://api.github.com
[AgentHost] No signed-in session resolved for resource: https://api.github.com
[AgentHost] No signed-in session resolved for resource: https://api.github.com
[AgentHost] No signed-in session resolved for resource: https://api.github.com
[AgentHost] No signed-in session resolved for resource: https://api.github.com
[AgentHost] No signed-in session resolved for resource: https://api.github.com
[AgentHost] No signed-in session resolved for resource: https://api.github.com
[AgentHost] No signed-in session resolved for resource: https://api.github.com
[AgentHost] No signed-in session resolved for resource: https://api.github.com
[AgentHost] No signed-in session resolved for resource: https://api.github.com
[AgentHost] No signed-in session resolved for resource: https://api.github.com
[AgentHost] No signed-in session resolved for resource: https://api.github.com
[AgentHost] No signed-in session resolved for resource: https://api.github.com
[AgentHost] No signed-in session resolved for resource: https://api.github.com
[AgentHost] No signed-in session resolved for resource: https://api.github.com
[AgentHost] No signed-in session resolved for resource: https://api.github.com
[AgentHost] No signed-in session resolved for resource: https://api.github.com/repos
[AgentHost] No signed-in session resolved for resource: https://api.github.com/repos
[AgentHost] No signed-in session resolved for resource: https://api.github.com/repos
[AgentHost] No signed-in session resolved for resource: https://api.github.com/repos
[AgentHost] No signed-in session resolved for resource: https://api.github.com/repos
[AgentHost] No signed-in session resolved for resource: https://api.github.com/repos
[AgentHost] No signed-in session resolved for resource: https://api.github.com/repos
[AgentHost] No signed-in session resolved for resource: https://api.github.com/repos
[AgentHost] No signed-in session resolved for resource: https://api.github.com/repos
[AgentHost] No signed-in session resolved for resource: https://api.github.com/repos
[AgentHost] No signed-in session resolved for resource: https://api.github.com/repos
[AgentHost] No signed-in session resolved for resource: https://api.github.com/repos
[AgentHost] No signed-in session resolved for resource: https://api.github.com/repos
[AgentHost] No signed-in session resolved for resource: https://api.github.com/repos
[ChatModelSelection] event=no-model-at-toolbar-build surface="workbench" sessionKey="local" conversationKey="vscode-chat-session://local/MzllZTIyYjYtNTJkZi00OTNmLWI3YjItYTcwYThjODZiNjdl" modelTarget=undefined storageKey="chat.currentLanguageModel.panel" widgetViewKind="view"
[AgentHost] No signed-in session resolved for resource: https://api.github.com/repos
[AgentHost] No signed-in session resolved for resource: https://api.github.com/repos
[AgentHost] No signed-in session resolved for resource: https://api.github.com
[AgentHost] No signed-in session resolved for resource: https://api.github.com
[AgentHost] No signed-in session resolved for resource: https://api.github.com
[AgentHost] No signed-in session resolved for resource: https://api.github.com
[AgentHost] No signed-in session resolved for resource: https://api.github.com
[AgentHost] No signed-in session resolved for resource: https://api.github.com
[AgentHost] No signed-in session resolved for resource: https://api.github.com
[AgentHost] No signed-in session resolved for resource: https://api.github.com
[AgentHost] No signed-in session resolved for resource: https://api.github.com
[AgentHost] No signed-in session resolved for resource: https://api.github.com
[AgentHost] No signed-in session resolved for resource: https://api.github.com
[AgentHost] No signed-in session resolved for resource: https://api.github.com
[AgentHost] No signed-in session resolved for resource: https://api.github.com
[AgentHost] No signed-in session resolved for resource: https://api.github.com
[AgentHost] No signed-in session resolved for resource: https://api.github.com/repos
[AgentHost] No signed-in session resolved for resource: https://api.github.com/repos
[AgentHost] No signed-in session resolved for resource: https://api.github.com/repos
[AgentHost] No signed-in session resolved for resource: https://api.github.com/repos
[AgentHost] No signed-in session resolved for resource: https://api.github.com/repos
[AgentHost] No signed-in session resolved for resource: https://api.github.com/repos
[AgentHost] No signed-in session resolved for resource: https://api.github.com/repos
[AgentHost] No signed-in session resolved for resource: https://api.github.com/repos
[AgentHost] No signed-in session resolved for resource: https://api.github.com/repos
[AgentHost] No signed-in session resolved for resource: https://api.github.com/repos
[AgentHost] No signed-in session resolved for resource: https://api.github.com/repos
[AgentHost] No signed-in session resolved for resource: https://api.github.com/repos
[AgentHost] No signed-in session resolved for resource: https://api.github.com/repos
[AgentHost] No signed-in session resolved for resource: https://api.github.com/repos
Settings Sync: Account status changed from uninitialized to unavailable
[ChatModelSelection] event=no-model-at-toolbar-build surface="workbench" sessionKey="local" conversationKey="vscode-chat-session://local/MzllZTIyYjYtNTJkZi00OTNmLWI3YjItYTcwYThjODZiNjdl" modelTarget=undefined storageKey="chat.currentLanguageModel.panel" widgetViewKind="view"
[AccountPolicyGate] apply: state=inactive, reason=undefined, isRestricted=false
[main 2026-09-10T15:10:25.856Z] Extension host with pid 19996 exited with code: 0, signal: unknown.
