
[main 2026-09-10T14:51:50.984Z] StorageMainService: creating application shared storage
[main 2026-09-10T14:51:51.064Z] [shared storage] Creating shared storage database at ':memory:' (wasCreated: true)
[main 2026-09-10T14:51:51.066Z] [shared storage] Initializing fallback application storage (path: in-memory)
[main 2026-09-10T14:51:51.091Z] [shared storage] Fallback application storage initialized with 3 items
[main 2026-09-10T14:51:51.867Z] update#setState idle
[RemoteAgentHost] Reconciling: desired=[], current=[]
[AgentHost:renderer] Acquiring MessagePort to agent host...
[main 2026-09-10T14:51:51.891Z] AgentHostProcessManager: agent host started
[ChatModelSelection] event=no-model-at-toolbar-build surface="workbench" sessionKey=undefined conversationKey=undefined modelTarget=undefined storageKey="chat.currentLanguageModel.panel" widgetViewKind="view"
[AgentHost:renderer] MessagePort acquired, creating client...
[ChatModelSelection] event=no-model-at-toolbar-build surface="workbench" sessionKey="local" conversationKey="vscode-chat-session://local/NDY5ZTA2MjktOTljNy00NmFkLWIzOGItMTFiOGI2ZWE1ZDRm" modelTarget=undefined storageKey="chat.currentLanguageModel.panel" widgetViewKind="view"
Started local extension host with pid 18204.
Started initializing default profile extensions in extensions installation folder. file:///i%3A/BackFile/code/hornet-cpptools/Extension/artifacts/progress-host/extensions
[AgentHost:renderer] Protocol connection established; clientId=98d17c13-03a1-4c07-a464-883beeacd2ff
Completed initializing default profile extensions in extensions installation folder. file:///i%3A/BackFile/code/hornet-cpptools/Extension/artifacts/progress-host/extensions
[AccountPolicyGate] apply: state=inactive, reason=undefined, isRestricted=false
Loading development extension at i:\BackFile\code\hornet-cpptools\Extension
[ChatModelSelection] event=no-model-at-toolbar-build surface="workbench" sessionKey="local" conversationKey="vscode-chat-session://local/NDY5ZTA2MjktOTljNy00NmFkLWIzOGItMTFiOGI2ZWE1ZDRm" modelTarget=undefined storageKey="chat.currentLanguageModel.panel" widgetViewKind="view"
[AgentHost] No signed-in session resolved for resource: https://api.github.com
[AgentHost] No signed-in session resolved for resource: https://api.github.com
[AgentHost] No signed-in session resolved for resource: https://api.github.com
[AgentHost] No signed-in session resolved for resource: https://api.github.com
[AgentHost] No signed-in session resolved for resource: https://api.github.com
[AgentHost] No signed-in session resolved for resource: https://api.github.com
[AgentHost] No signed-in session resolved for resource: https://api.github.com
[AgentHost] No signed-in session resolved for resource: https://api.github.com
[AgentHost] No signed-in session resolved for resource: https://api.github.com
[AgentHost] No signed-in session resolved for resource: https://api.github.com
[AgentHost] No signed-in session resolved for resource: https://api.github.com
[AgentHost] No signed-in session resolved for resource: https://api.github.com
[AgentHost] No signed-in session resolved for resource: https://api.github.com
[AgentHost] No signed-in session resolved for resource: https://api.github.com
[AgentHost] No signed-in session resolved for resource: https://api.github.com
[AgentHost] No signed-in session resolved for resource: https://api.github.com
[AgentHost] No signed-in session resolved for resource: https://api.github.com
Settings Sync: Account status changed from uninitialized to unavailable
[AgentHost] No signed-in session resolved for resource: https://api.github.com/repos
[AgentHost] No signed-in session resolved for resource: https://api.github.com/repos
[AgentHost] No signed-in session resolved for resource: https://api.github.com/repos
[AgentHost] No signed-in session resolved for resource: https://api.github.com/repos
[AgentHost] No signed-in session resolved for resource: https://api.github.com/repos
[AgentHost] No signed-in session resolved for resource: https://api.github.com/repos
[AgentHost] No signed-in session resolved for resource: https://api.github.com/repos
[AgentHost] No signed-in session resolved for resource: https://api.github.com/repos
[AgentHost] No signed-in session resolved for resource: https://api.github.com/repos
[AgentHost] No signed-in session resolved for resource: https://api.github.com/repos
[AgentHost] No signed-in session resolved for resource: https://api.github.com/repos
[AgentHost] No signed-in session resolved for resource: https://api.github.com/repos
[AgentHost] No signed-in session resolved for resource: https://api.github.com/repos
[AgentHost] No signed-in session resolved for resource: https://api.github.com/repos
[AgentHost] No signed-in session resolved for resource: https://api.github.com/repos
[AgentHost] No signed-in session resolved for resource: https://api.github.com/repos
[AgentHost] No signed-in session resolved for resource: https://api.github.com/repos
[AgentHost] No signed-in session resolved for resource: https://api.github.com
[AgentHost] No signed-in session resolved for resource: https://api.github.com
[AgentHost] No signed-in session resolved for resource: https://api.github.com
[AgentHost] No signed-in session resolved for resource: https://api.github.com
[AgentHost] No signed-in session resolved for resource: https://api.github.com
[AgentHost] No signed-in session resolved for resource: https://api.github.com
[AgentHost] No signed-in session resolved for resource: https://api.github.com
[AgentHost] No signed-in session resolved for resource: https://api.github.com
[AgentHost] No signed-in session resolved for resource: https://api.github.com
[AgentHost] No signed-in session resolved for resource: https://api.github.com
[AgentHost] No signed-in session resolved for resource: https://api.github.com
[AgentHost] No signed-in session resolved for resource: https://api.github.com
[AgentHost] No signed-in session resolved for resource: https://api.github.com
[AgentHost] No signed-in session resolved for resource: https://api.github.com
[AgentHost] No signed-in session resolved for resource: https://api.github.com
[AgentHost] No signed-in session resolved for resource: https://api.github.com
[AgentHost] No signed-in session resolved for resource: https://api.github.com
[AgentHost] No signed-in session resolved for resource: https://api.github.com/repos
[AgentHost] No signed-in session resolved for resource: https://api.github.com/repos
[AgentHost] No signed-in session resolved for resource: https://api.github.com/repos
[AgentHost] No signed-in session resolved for resource: https://api.github.com/repos
[AgentHost] No signed-in session resolved for resource: https://api.github.com/repos
[AgentHost] No signed-in session resolved for resource: https://api.github.com/repos
[AgentHost] No signed-in session resolved for resource: https://api.github.com/repos
[AgentHost] No signed-in session resolved for resource: https://api.github.com/repos
[AgentHost] No signed-in session resolved for resource: https://api.github.com/repos
[AgentHost] No signed-in session resolved for resource: https://api.github.com/repos
[AgentHost] No signed-in session resolved for resource: https://api.github.com/repos
[AgentHost] No signed-in session resolved for resource: https://api.github.com/repos
[AgentHost] No signed-in session resolved for resource: https://api.github.com/repos
[AgentHost] No signed-in session resolved for resource: https://api.github.com/repos
[AgentHost] No signed-in session resolved for resource: https://api.github.com/repos
[AgentHost] No signed-in session resolved for resource: https://api.github.com/repos
[AgentHost] No signed-in session resolved for resource: https://api.github.com/repos
[ChatModelSelection] event=no-model-at-toolbar-build surface="workbench" sessionKey="local" conversationKey="vscode-chat-session://local/NDY5ZTA2MjktOTljNy00NmFkLWIzOGItMTFiOGI2ZWE1ZDRm" modelTarget=undefined storageKey="chat.currentLanguageModel.panel" widgetViewKind="view"
[AccountPolicyGate] apply: state=inactive, reason=undefined, isRestricted=false
[main 2026-09-10T14:51:58.538Z] Extension host with pid 18204 exited with code: 0, signal: unknown.
