2026-09-10 06:22:08.808 [info] Reading sessions from keychain...
2026-09-10 06:22:08.808 [info] Getting sessions for all scopes...
2026-09-10 06:22:08.814 [info] Got 0 sessions for all scopes...
2026-09-10 06:22:08.814 [info] Getting sessions for all scopes...
2026-09-10 06:22:08.814 [info] Got 0 sessions for all scopes...
2026-09-10 06:22:08.815 [info] Getting sessions for all scopes...
2026-09-10 06:22:08.815 [info] Got 0 sessions for all scopes...
2026-09-10 06:22:08.815 [info] Getting sessions for read:user,user:email...
2026-09-10 06:22:08.815 [info] Got 0 sessions for read:user,user:email...
2026-09-10 06:22:08.882 [info] Getting sessions for all scopes...
2026-09-10 06:22:08.882 [info] Got 0 sessions for all scopes...
2026-09-10 06:22:08.884 [info] Getting sessions for all scopes...
2026-09-10 06:22:08.884 [info] Got 0 sessions for all scopes...
2026-09-10 06:22:09.124 [info] Getting sessions for repo...
2026-09-10 06:22:09.124 [info] Got 0 sessions for repo...
2026-09-10 06:22:09.166 [info] Getting sessions for all scopes...
2026-09-10 06:22:09.166 [info] Got 0 sessions for all scopes...
2026-09-10 06:22:09.224 [info] Getting sessions for read:user,user:email...
2026-09-10 06:22:09.225 [info] Got 0 sessions for read:user,user:email...
2026-09-10 06:22:09.250 [info] Getting sessions for all scopes...
2026-09-10 06:22:09.250 [info] Got 0 sessions for all scopes...
2026-09-10 06:22:09.264 [info] Getting sessions for repo...
2026-09-10 06:22:09.264 [info] Got 0 sessions for repo...
2026-09-10 06:22:09.278 [info] Getting sessions for all scopes...
2026-09-10 06:22:09.278 [info] Got 0 sessions for all scopes...
2026-09-10 06:22:12.176 [info] Getting sessions for all scopes...
2026-09-10 06:22:12.176 [info] Got 0 sessions for all scopes...
