2026-09-09 08:08:20.269 [info] Reading sessions from keychain...
2026-09-09 08:08:20.269 [info] Getting sessions for all scopes...
2026-09-09 08:08:20.269 [info] Got 0 sessions for all scopes...
2026-09-09 08:08:20.269 [info] Getting sessions for all scopes...
2026-09-09 08:08:20.269 [info] Got 0 sessions for all scopes...
2026-09-09 08:08:20.269 [info] Getting sessions for all scopes...
2026-09-09 08:08:20.269 [info] Got 0 sessions for all scopes...
2026-09-09 08:08:20.269 [info] Getting sessions for all scopes...
2026-09-09 08:08:20.269 [info] Got 0 sessions for all scopes...
2026-09-09 08:08:20.280 [info] Getting sessions for read:user,user:email...
2026-09-09 08:08:20.280 [info] Got 0 sessions for read:user,user:email...
2026-09-09 08:08:20.375 [info] Getting sessions for all scopes...
2026-09-09 08:08:20.375 [info] Got 0 sessions for all scopes...
2026-09-09 08:08:20.387 [info] Getting sessions for read:user,user:email...
2026-09-09 08:08:20.388 [info] Got 0 sessions for read:user,user:email...
2026-09-09 08:08:20.388 [info] Getting sessions for read:user,user:email...
2026-09-09 08:08:20.388 [info] Got 0 sessions for read:user,user:email...
2026-09-09 08:08:20.388 [info] Getting sessions for read:user,user:email...
2026-09-09 08:08:20.389 [info] Got 0 sessions for read:user,user:email...
2026-09-09 08:08:20.389 [info] Getting sessions for read:user,user:email...
2026-09-09 08:08:20.389 [info] Got 0 sessions for read:user,user:email...
2026-09-09 08:08:20.389 [info] Getting sessions for read:user,user:email...
2026-09-09 08:08:20.389 [info] Got 0 sessions for read:user,user:email...
2026-09-09 08:08:20.389 [info] Getting sessions for read:user,user:email...
2026-09-09 08:08:20.389 [info] Got 0 sessions for read:user,user:email...
2026-09-09 08:08:20.389 [info] Getting sessions for read:user,user:email...
2026-09-09 08:08:20.389 [info] Got 0 sessions for read:user,user:email...
2026-09-09 08:08:20.389 [info] Getting sessions for read:user,user:email...
2026-09-09 08:08:20.389 [info] Got 0 sessions for read:user,user:email...
2026-09-09 08:08:20.390 [info] Getting sessions for read:user,user:email...
2026-09-09 08:08:20.390 [info] Got 0 sessions for read:user,user:email...
2026-09-09 08:08:20.390 [info] Getting sessions for read:user,user:email...
2026-09-09 08:08:20.390 [info] Got 0 sessions for read:user,user:email...
2026-09-09 08:08:20.390 [info] Getting sessions for read:user,user:email...
2026-09-09 08:08:20.390 [info] Got 0 sessions for read:user,user:email...
2026-09-09 08:08:20.390 [info] Getting sessions for read:user,user:email...
2026-09-09 08:08:20.390 [info] Got 0 sessions for read:user,user:email...
2026-09-09 08:08:20.425 [info] Getting sessions for repo...
2026-09-09 08:08:20.426 [info] Got 0 sessions for repo...
2026-09-09 08:08:20.429 [info] Getting sessions for all scopes...
2026-09-09 08:08:20.429 [info] Got 0 sessions for all scopes...
2026-09-09 08:08:20.429 [info] Getting sessions for all scopes...
2026-09-09 08:08:20.429 [info] Got 0 sessions for all scopes...
2026-09-09 08:08:20.429 [info] Getting sessions for all scopes...
2026-09-09 08:08:20.429 [info] Got 0 sessions for all scopes...
2026-09-09 08:08:20.430 [info] Getting sessions for all scopes...
2026-09-09 08:08:20.430 [info] Got 0 sessions for all scopes...
2026-09-09 08:08:20.430 [info] Getting sessions for all scopes...
2026-09-09 08:08:20.430 [info] Got 0 sessions for all scopes...
2026-09-09 08:08:20.430 [info] Getting sessions for all scopes...
2026-09-09 08:08:20.430 [info] Got 0 sessions for all scopes...
2026-09-09 08:08:20.430 [info] Getting sessions for all scopes...
2026-09-09 08:08:20.430 [info] Got 0 sessions for all scopes...
2026-09-09 08:08:20.430 [info] Getting sessions for all scopes...
2026-09-09 08:08:20.430 [info] Got 0 sessions for all scopes...
2026-09-09 08:08:20.430 [info] Getting sessions for all scopes...
2026-09-09 08:08:20.430 [info] Got 0 sessions for all scopes...
2026-09-09 08:08:20.431 [info] Getting sessions for all scopes...
2026-09-09 08:08:20.431 [info] Got 0 sessions for all scopes...
2026-09-09 08:08:20.431 [info] Getting sessions for all scopes...
2026-09-09 08:08:20.431 [info] Got 0 sessions for all scopes...
2026-09-09 08:08:20.431 [info] Getting sessions for all scopes...
2026-09-09 08:08:20.431 [info] Got 0 sessions for all scopes...
2026-09-09 08:08:20.436 [info] Getting sessions for all scopes...
2026-09-09 08:08:20.436 [info] Got 0 sessions for all scopes...
2026-09-09 08:08:20.437 [info] Getting sessions for repo...
2026-09-09 08:08:20.437 [info] Got 0 sessions for repo...
2026-09-09 08:08:20.437 [info] Getting sessions for repo...
2026-09-09 08:08:20.437 [info] Got 0 sessions for repo...
2026-09-09 08:08:20.437 [info] Getting sessions for repo...
2026-09-09 08:08:20.437 [info] Got 0 sessions for repo...
2026-09-09 08:08:20.437 [info] Getting sessions for repo...
2026-09-09 08:08:20.437 [info] Got 0 sessions for repo...
2026-09-09 08:08:20.437 [info] Getting sessions for repo...
2026-09-09 08:08:20.437 [info] Got 0 sessions for repo...
2026-09-09 08:08:20.437 [info] Getting sessions for repo...
2026-09-09 08:08:20.437 [info] Got 0 sessions for repo...
2026-09-09 08:08:20.438 [info] Getting sessions for repo...
2026-09-09 08:08:20.438 [info] Got 0 sessions for repo...
2026-09-09 08:08:20.438 [info] Getting sessions for repo...
2026-09-09 08:08:20.438 [info] Got 0 sessions for repo...
2026-09-09 08:08:20.438 [info] Getting sessions for repo...
2026-09-09 08:08:20.438 [info] Got 0 sessions for repo...
2026-09-09 08:08:20.438 [info] Getting sessions for repo...
2026-09-09 08:08:20.438 [info] Got 0 sessions for repo...
2026-09-09 08:08:20.439 [info] Getting sessions for repo...
2026-09-09 08:08:20.439 [info] Got 0 sessions for repo...
2026-09-09 08:08:20.439 [info] Getting sessions for repo...
2026-09-09 08:08:20.439 [info] Got 0 sessions for repo...
2026-09-09 08:08:20.443 [info] Getting sessions for all scopes...
2026-09-09 08:08:20.443 [info] Got 0 sessions for all scopes...
2026-09-09 08:08:20.443 [info] Getting sessions for all scopes...
2026-09-09 08:08:20.443 [info] Got 0 sessions for all scopes...
2026-09-09 08:08:20.443 [info] Getting sessions for all scopes...
2026-09-09 08:08:20.443 [info] Got 0 sessions for all scopes...
2026-09-09 08:08:20.448 [info] Getting sessions for all scopes...
2026-09-09 08:08:20.448 [info] Got 0 sessions for all scopes...
2026-09-09 08:08:20.448 [info] Getting sessions for all scopes...
2026-09-09 08:08:20.448 [info] Got 0 sessions for all scopes...
2026-09-09 08:08:20.448 [info] Getting sessions for all scopes...
2026-09-09 08:08:20.448 [info] Got 0 sessions for all scopes...
2026-09-09 08:08:20.449 [info] Getting sessions for all scopes...
2026-09-09 08:08:20.449 [info] Got 0 sessions for all scopes...
2026-09-09 08:08:20.449 [info] Getting sessions for all scopes...
2026-09-09 08:08:20.449 [info] Got 0 sessions for all scopes...
2026-09-09 08:08:20.449 [info] Getting sessions for all scopes...
2026-09-09 08:08:20.449 [info] Got 0 sessions for all scopes...
2026-09-09 08:08:20.449 [info] Getting sessions for all scopes...
2026-09-09 08:08:20.449 [info] Got 0 sessions for all scopes...
2026-09-09 08:08:20.449 [info] Getting sessions for all scopes...
2026-09-09 08:08:20.449 [info] Got 0 sessions for all scopes...
2026-09-09 08:08:20.450 [info] Getting sessions for all scopes...
2026-09-09 08:08:20.450 [info] Got 0 sessions for all scopes...
2026-09-09 08:08:20.454 [info] Getting sessions for read:user,user:email...
2026-09-09 08:08:20.454 [info] Got 0 sessions for read:user,user:email...
2026-09-09 08:08:20.454 [info] Getting sessions for read:user,user:email...
2026-09-09 08:08:20.455 [info] Got 0 sessions for read:user,user:email...
2026-09-09 08:08:20.455 [info] Getting sessions for read:user,user:email...
2026-09-09 08:08:20.455 [info] Got 0 sessions for read:user,user:email...
2026-09-09 08:08:20.455 [info] Getting sessions for read:user,user:email...
2026-09-09 08:08:20.455 [info] Got 0 sessions for read:user,user:email...
2026-09-09 08:08:20.456 [info] Getting sessions for read:user,user:email...
2026-09-09 08:08:20.456 [info] Got 0 sessions for read:user,user:email...
2026-09-09 08:08:20.456 [info] Getting sessions for read:user,user:email...
2026-09-09 08:08:20.456 [info] Got 0 sessions for read:user,user:email...
2026-09-09 08:08:20.456 [info] Getting sessions for read:user,user:email...
2026-09-09 08:08:20.456 [info] Got 0 sessions for read:user,user:email...
2026-09-09 08:08:20.456 [info] Getting sessions for read:user,user:email...
2026-09-09 08:08:20.456 [info] Got 0 sessions for read:user,user:email...
2026-09-09 08:08:20.457 [info] Getting sessions for read:user,user:email...
2026-09-09 08:08:20.457 [info] Got 0 sessions for read:user,user:email...
2026-09-09 08:08:20.457 [info] Getting sessions for read:user,user:email...
2026-09-09 08:08:20.457 [info] Got 0 sessions for read:user,user:email...
2026-09-09 08:08:20.457 [info] Getting sessions for read:user,user:email...
2026-09-09 08:08:20.457 [info] Got 0 sessions for read:user,user:email...
2026-09-09 08:08:20.458 [info] Getting sessions for read:user,user:email...
2026-09-09 08:08:20.458 [info] Got 0 sessions for read:user,user:email...
2026-09-09 08:08:20.458 [info] Getting sessions for read:user,user:email...
2026-09-09 08:08:20.458 [info] Got 0 sessions for read:user,user:email...
2026-09-09 08:08:20.460 [info] Getting sessions for all scopes...
2026-09-09 08:08:20.460 [info] Got 0 sessions for all scopes...
2026-09-09 08:08:20.461 [info] Getting sessions for all scopes...
2026-09-09 08:08:20.461 [info] Got 0 sessions for all scopes...
2026-09-09 08:08:20.461 [info] Getting sessions for all scopes...
2026-09-09 08:08:20.461 [info] Got 0 sessions for all scopes...
2026-09-09 08:08:20.461 [info] Getting sessions for all scopes...
2026-09-09 08:08:20.461 [info] Got 0 sessions for all scopes...
2026-09-09 08:08:20.462 [info] Getting sessions for all scopes...
2026-09-09 08:08:20.462 [info] Got 0 sessions for all scopes...
2026-09-09 08:08:20.462 [info] Getting sessions for all scopes...
2026-09-09 08:08:20.462 [info] Got 0 sessions for all scopes...
2026-09-09 08:08:20.462 [info] Getting sessions for all scopes...
2026-09-09 08:08:20.462 [info] Got 0 sessions for all scopes...
2026-09-09 08:08:20.462 [info] Getting sessions for all scopes...
2026-09-09 08:08:20.462 [info] Got 0 sessions for all scopes...
2026-09-09 08:08:20.463 [info] Getting sessions for all scopes...
2026-09-09 08:08:20.463 [info] Got 0 sessions for all scopes...
2026-09-09 08:08:20.463 [info] Getting sessions for all scopes...
2026-09-09 08:08:20.463 [info] Got 0 sessions for all scopes...
2026-09-09 08:08:20.463 [info] Getting sessions for all scopes...
2026-09-09 08:08:20.463 [info] Got 0 sessions for all scopes...
2026-09-09 08:08:20.468 [info] Getting sessions for all scopes...
2026-09-09 08:08:20.468 [info] Got 0 sessions for all scopes...
2026-09-09 08:08:20.469 [info] Getting sessions for all scopes...
2026-09-09 08:08:20.469 [info] Got 0 sessions for all scopes...
2026-09-09 08:08:20.476 [info] Getting sessions for repo...
2026-09-09 08:08:20.476 [info] Got 0 sessions for repo...
2026-09-09 08:08:20.476 [info] Getting sessions for repo...
2026-09-09 08:08:20.476 [info] Got 0 sessions for repo...
2026-09-09 08:08:20.476 [info] Getting sessions for repo...
2026-09-09 08:08:20.476 [info] Got 0 sessions for repo...
2026-09-09 08:08:20.476 [info] Getting sessions for repo...
2026-09-09 08:08:20.476 [info] Got 0 sessions for repo...
2026-09-09 08:08:20.476 [info] Getting sessions for repo...
2026-09-09 08:08:20.476 [info] Got 0 sessions for repo...
2026-09-09 08:08:20.477 [info] Getting sessions for repo...
2026-09-09 08:08:20.477 [info] Got 0 sessions for repo...
2026-09-09 08:08:20.477 [info] Getting sessions for repo...
2026-09-09 08:08:20.477 [info] Got 0 sessions for repo...
2026-09-09 08:08:20.477 [info] Getting sessions for repo...
2026-09-09 08:08:20.477 [info] Got 0 sessions for repo...
2026-09-09 08:08:20.477 [info] Getting sessions for repo...
2026-09-09 08:08:20.477 [info] Got 0 sessions for repo...
2026-09-09 08:08:20.477 [info] Getting sessions for repo...
2026-09-09 08:08:20.477 [info] Got 0 sessions for repo...
2026-09-09 08:08:20.478 [info] Getting sessions for repo...
2026-09-09 08:08:20.478 [info] Got 0 sessions for repo...
2026-09-09 08:08:20.478 [info] Getting sessions for repo...
2026-09-09 08:08:20.478 [info] Got 0 sessions for repo...
2026-09-09 08:08:20.478 [info] Getting sessions for repo...
2026-09-09 08:08:20.478 [info] Got 0 sessions for repo...
2026-09-09 08:08:20.479 [info] Getting sessions for all scopes...
2026-09-09 08:08:20.479 [info] Got 0 sessions for all scopes...
2026-09-09 08:08:20.479 [info] Getting sessions for all scopes...
2026-09-09 08:08:20.479 [info] Got 0 sessions for all scopes...
2026-09-09 08:08:20.479 [info] Getting sessions for all scopes...
2026-09-09 08:08:20.479 [info] Got 0 sessions for all scopes...
2026-09-09 08:08:20.480 [info] Getting sessions for all scopes...
2026-09-09 08:08:20.480 [info] Got 0 sessions for all scopes...
2026-09-09 08:08:20.480 [info] Getting sessions for all scopes...
2026-09-09 08:08:20.480 [info] Got 0 sessions for all scopes...
2026-09-09 08:08:20.480 [info] Getting sessions for all scopes...
2026-09-09 08:08:20.480 [info] Got 0 sessions for all scopes...
2026-09-09 08:08:20.481 [info] Getting sessions for all scopes...
2026-09-09 08:08:20.481 [info] Got 0 sessions for all scopes...
2026-09-09 08:08:20.481 [info] Getting sessions for all scopes...
2026-09-09 08:08:20.481 [info] Got 0 sessions for all scopes...
2026-09-09 08:08:20.481 [info] Getting sessions for all scopes...
2026-09-09 08:08:20.481 [info] Got 0 sessions for all scopes...
2026-09-09 08:08:20.481 [info] Getting sessions for all scopes...
2026-09-09 08:08:20.481 [info] Got 0 sessions for all scopes...
2026-09-09 08:08:20.483 [info] Getting sessions for all scopes...
2026-09-09 08:08:20.483 [info] Got 0 sessions for all scopes...
2026-09-09 08:08:20.483 [info] Getting sessions for all scopes...
2026-09-09 08:08:20.483 [info] Got 0 sessions for all scopes...
2026-09-09 08:08:20.484 [info] Getting sessions for all scopes...
2026-09-09 08:08:20.484 [info] Got 0 sessions for all scopes...
