2026-09-10 06:16:58.028 [info] Reading sessions from keychain...
2026-09-10 06:16:58.028 [info] Getting sessions for all scopes...
2026-09-10 06:16:58.028 [info] Got 0 sessions for all scopes...
2026-09-10 06:16:58.028 [info] Getting sessions for all scopes...
2026-09-10 06:16:58.028 [info] Got 0 sessions for all scopes...
2026-09-10 06:16:58.028 [info] Getting sessions for all scopes...
2026-09-10 06:16:58.028 [info] Got 0 sessions for all scopes...
2026-09-10 06:16:58.028 [info] Getting sessions for all scopes...
2026-09-10 06:16:58.028 [info] Got 0 sessions for all scopes...
2026-09-10 06:16:58.029 [info] Getting sessions for read:user,user:email...
2026-09-10 06:16:58.029 [info] Got 0 sessions for read:user,user:email...
2026-09-10 06:16:58.128 [info] Getting sessions for all scopes...
2026-09-10 06:16:58.128 [info] Got 0 sessions for all scopes...
2026-09-10 06:16:58.142 [info] Getting sessions for read:user,user:email...
2026-09-10 06:16:58.142 [info] Got 0 sessions for read:user,user:email...
2026-09-10 06:16:58.142 [info] Getting sessions for read:user,user:email...
2026-09-10 06:16:58.142 [info] Got 0 sessions for read:user,user:email...
2026-09-10 06:16:58.143 [info] Getting sessions for read:user,user:email...
2026-09-10 06:16:58.143 [info] Got 0 sessions for read:user,user:email...
2026-09-10 06:16:58.143 [info] Getting sessions for read:user,user:email...
2026-09-10 06:16:58.143 [info] Got 0 sessions for read:user,user:email...
2026-09-10 06:16:58.143 [info] Getting sessions for read:user,user:email...
2026-09-10 06:16:58.143 [info] Got 0 sessions for read:user,user:email...
2026-09-10 06:16:58.143 [info] Getting sessions for read:user,user:email...
2026-09-10 06:16:58.143 [info] Got 0 sessions for read:user,user:email...
2026-09-10 06:16:58.144 [info] Getting sessions for read:user,user:email...
2026-09-10 06:16:58.144 [info] Got 0 sessions for read:user,user:email...
2026-09-10 06:16:58.144 [info] Getting sessions for read:user,user:email...
2026-09-10 06:16:58.144 [info] Got 0 sessions for read:user,user:email...
2026-09-10 06:16:58.144 [info] Getting sessions for read:user,user:email...
2026-09-10 06:16:58.144 [info] Got 0 sessions for read:user,user:email...
2026-09-10 06:16:58.144 [info] Getting sessions for read:user,user:email...
2026-09-10 06:16:58.144 [info] Got 0 sessions for read:user,user:email...
2026-09-10 06:16:58.144 [info] Getting sessions for read:user,user:email...
2026-09-10 06:16:58.145 [info] Got 0 sessions for read:user,user:email...
2026-09-10 06:16:58.145 [info] Getting sessions for read:user,user:email...
2026-09-10 06:16:58.145 [info] Got 0 sessions for read:user,user:email...
2026-09-10 06:16:58.183 [info] Getting sessions for repo...
2026-09-10 06:16:58.183 [info] Got 0 sessions for repo...
2026-09-10 06:16:58.184 [info] Getting sessions for all scopes...
2026-09-10 06:16:58.184 [info] Got 0 sessions for all scopes...
2026-09-10 06:16:58.184 [info] Getting sessions for all scopes...
2026-09-10 06:16:58.184 [info] Got 0 sessions for all scopes...
2026-09-10 06:16:58.184 [info] Getting sessions for all scopes...
2026-09-10 06:16:58.184 [info] Got 0 sessions for all scopes...
2026-09-10 06:16:58.184 [info] Getting sessions for all scopes...
2026-09-10 06:16:58.184 [info] Got 0 sessions for all scopes...
2026-09-10 06:16:58.184 [info] Getting sessions for all scopes...
2026-09-10 06:16:58.184 [info] Got 0 sessions for all scopes...
2026-09-10 06:16:58.185 [info] Getting sessions for all scopes...
2026-09-10 06:16:58.185 [info] Got 0 sessions for all scopes...
2026-09-10 06:16:58.185 [info] Getting sessions for all scopes...
2026-09-10 06:16:58.185 [info] Got 0 sessions for all scopes...
2026-09-10 06:16:58.185 [info] Getting sessions for all scopes...
2026-09-10 06:16:58.185 [info] Got 0 sessions for all scopes...
2026-09-10 06:16:58.185 [info] Getting sessions for all scopes...
2026-09-10 06:16:58.185 [info] Got 0 sessions for all scopes...
2026-09-10 06:16:58.185 [info] Getting sessions for all scopes...
2026-09-10 06:16:58.185 [info] Got 0 sessions for all scopes...
2026-09-10 06:16:58.186 [info] Getting sessions for all scopes...
2026-09-10 06:16:58.186 [info] Got 0 sessions for all scopes...
2026-09-10 06:16:58.186 [info] Getting sessions for all scopes...
2026-09-10 06:16:58.186 [info] Got 0 sessions for all scopes...
2026-09-10 06:16:58.193 [info] Getting sessions for all scopes...
2026-09-10 06:16:58.193 [info] Got 0 sessions for all scopes...
2026-09-10 06:16:58.194 [info] Getting sessions for repo...
2026-09-10 06:16:58.194 [info] Got 0 sessions for repo...
2026-09-10 06:16:58.194 [info] Getting sessions for repo...
2026-09-10 06:16:58.194 [info] Got 0 sessions for repo...
2026-09-10 06:16:58.194 [info] Getting sessions for repo...
2026-09-10 06:16:58.194 [info] Got 0 sessions for repo...
2026-09-10 06:16:58.194 [info] Getting sessions for repo...
2026-09-10 06:16:58.194 [info] Got 0 sessions for repo...
2026-09-10 06:16:58.194 [info] Getting sessions for repo...
2026-09-10 06:16:58.194 [info] Got 0 sessions for repo...
2026-09-10 06:16:58.194 [info] Getting sessions for repo...
2026-09-10 06:16:58.194 [info] Got 0 sessions for repo...
2026-09-10 06:16:58.195 [info] Getting sessions for repo...
2026-09-10 06:16:58.195 [info] Got 0 sessions for repo...
2026-09-10 06:16:58.195 [info] Getting sessions for repo...
2026-09-10 06:16:58.195 [info] Got 0 sessions for repo...
2026-09-10 06:16:58.195 [info] Getting sessions for repo...
2026-09-10 06:16:58.195 [info] Got 0 sessions for repo...
2026-09-10 06:16:58.195 [info] Getting sessions for repo...
2026-09-10 06:16:58.195 [info] Got 0 sessions for repo...
2026-09-10 06:16:58.195 [info] Getting sessions for repo...
2026-09-10 06:16:58.195 [info] Got 0 sessions for repo...
2026-09-10 06:16:58.196 [info] Getting sessions for repo...
2026-09-10 06:16:58.196 [info] Got 0 sessions for repo...
2026-09-10 06:16:58.206 [info] Getting sessions for all scopes...
2026-09-10 06:16:58.206 [info] Got 0 sessions for all scopes...
2026-09-10 06:16:58.206 [info] Getting sessions for all scopes...
2026-09-10 06:16:58.206 [info] Got 0 sessions for all scopes...
2026-09-10 06:16:58.206 [info] Getting sessions for all scopes...
2026-09-10 06:16:58.206 [info] Got 0 sessions for all scopes...
2026-09-10 06:16:58.207 [info] Getting sessions for all scopes...
2026-09-10 06:16:58.207 [info] Got 0 sessions for all scopes...
2026-09-10 06:16:58.207 [info] Getting sessions for all scopes...
2026-09-10 06:16:58.207 [info] Got 0 sessions for all scopes...
2026-09-10 06:16:58.208 [info] Getting sessions for all scopes...
2026-09-10 06:16:58.208 [info] Got 0 sessions for all scopes...
2026-09-10 06:16:58.208 [info] Getting sessions for all scopes...
2026-09-10 06:16:58.208 [info] Got 0 sessions for all scopes...
2026-09-10 06:16:58.208 [info] Getting sessions for all scopes...
2026-09-10 06:16:58.208 [info] Got 0 sessions for all scopes...
2026-09-10 06:16:58.208 [info] Getting sessions for all scopes...
2026-09-10 06:16:58.208 [info] Got 0 sessions for all scopes...
2026-09-10 06:16:58.208 [info] Getting sessions for all scopes...
2026-09-10 06:16:58.208 [info] Got 0 sessions for all scopes...
2026-09-10 06:16:58.209 [info] Getting sessions for all scopes...
2026-09-10 06:16:58.209 [info] Got 0 sessions for all scopes...
2026-09-10 06:16:58.209 [info] Getting sessions for all scopes...
2026-09-10 06:16:58.209 [info] Got 0 sessions for all scopes...
2026-09-10 06:16:58.220 [info] Getting sessions for read:user,user:email...
2026-09-10 06:16:58.220 [info] Got 0 sessions for read:user,user:email...
2026-09-10 06:16:58.220 [info] Getting sessions for read:user,user:email...
2026-09-10 06:16:58.220 [info] Got 0 sessions for read:user,user:email...
2026-09-10 06:16:58.220 [info] Getting sessions for read:user,user:email...
2026-09-10 06:16:58.220 [info] Got 0 sessions for read:user,user:email...
2026-09-10 06:16:58.220 [info] Getting sessions for read:user,user:email...
2026-09-10 06:16:58.220 [info] Got 0 sessions for read:user,user:email...
2026-09-10 06:16:58.221 [info] Getting sessions for read:user,user:email...
2026-09-10 06:16:58.221 [info] Got 0 sessions for read:user,user:email...
2026-09-10 06:16:58.221 [info] Getting sessions for read:user,user:email...
2026-09-10 06:16:58.221 [info] Got 0 sessions for read:user,user:email...
2026-09-10 06:16:58.221 [info] Getting sessions for read:user,user:email...
2026-09-10 06:16:58.221 [info] Got 0 sessions for read:user,user:email...
2026-09-10 06:16:58.221 [info] Getting sessions for read:user,user:email...
2026-09-10 06:16:58.221 [info] Got 0 sessions for read:user,user:email...
2026-09-10 06:16:58.221 [info] Getting sessions for read:user,user:email...
2026-09-10 06:16:58.222 [info] Got 0 sessions for read:user,user:email...
2026-09-10 06:16:58.222 [info] Getting sessions for read:user,user:email...
2026-09-10 06:16:58.222 [info] Got 0 sessions for read:user,user:email...
2026-09-10 06:16:58.222 [info] Getting sessions for read:user,user:email...
2026-09-10 06:16:58.222 [info] Got 0 sessions for read:user,user:email...
2026-09-10 06:16:58.222 [info] Getting sessions for read:user,user:email...
2026-09-10 06:16:58.222 [info] Got 0 sessions for read:user,user:email...
2026-09-10 06:16:58.222 [info] Getting sessions for read:user,user:email...
2026-09-10 06:16:58.222 [info] Got 0 sessions for read:user,user:email...
2026-09-10 06:16:58.229 [info] Getting sessions for all scopes...
2026-09-10 06:16:58.230 [info] Got 0 sessions for all scopes...
2026-09-10 06:16:58.230 [info] Getting sessions for all scopes...
2026-09-10 06:16:58.230 [info] Got 0 sessions for all scopes...
2026-09-10 06:16:58.230 [info] Getting sessions for all scopes...
2026-09-10 06:16:58.230 [info] Got 0 sessions for all scopes...
2026-09-10 06:16:58.230 [info] Getting sessions for all scopes...
2026-09-10 06:16:58.230 [info] Got 0 sessions for all scopes...
2026-09-10 06:16:58.230 [info] Getting sessions for all scopes...
2026-09-10 06:16:58.230 [info] Got 0 sessions for all scopes...
2026-09-10 06:16:58.230 [info] Getting sessions for all scopes...
2026-09-10 06:16:58.230 [info] Got 0 sessions for all scopes...
2026-09-10 06:16:58.231 [info] Getting sessions for all scopes...
2026-09-10 06:16:58.231 [info] Got 0 sessions for all scopes...
2026-09-10 06:16:58.231 [info] Getting sessions for all scopes...
2026-09-10 06:16:58.231 [info] Got 0 sessions for all scopes...
2026-09-10 06:16:58.231 [info] Getting sessions for all scopes...
2026-09-10 06:16:58.231 [info] Got 0 sessions for all scopes...
2026-09-10 06:16:58.231 [info] Getting sessions for all scopes...
2026-09-10 06:16:58.231 [info] Got 0 sessions for all scopes...
2026-09-10 06:16:58.231 [info] Getting sessions for all scopes...
2026-09-10 06:16:58.231 [info] Got 0 sessions for all scopes...
2026-09-10 06:16:58.232 [info] Getting sessions for all scopes...
2026-09-10 06:16:58.232 [info] Got 0 sessions for all scopes...
2026-09-10 06:16:58.232 [info] Getting sessions for all scopes...
2026-09-10 06:16:58.232 [info] Got 0 sessions for all scopes...
2026-09-10 06:16:58.238 [info] Getting sessions for repo...
2026-09-10 06:16:58.238 [info] Got 0 sessions for repo...
2026-09-10 06:16:58.238 [info] Getting sessions for repo...
2026-09-10 06:16:58.238 [info] Got 0 sessions for repo...
2026-09-10 06:16:58.238 [info] Getting sessions for repo...
2026-09-10 06:16:58.238 [info] Got 0 sessions for repo...
2026-09-10 06:16:58.239 [info] Getting sessions for repo...
2026-09-10 06:16:58.239 [info] Got 0 sessions for repo...
2026-09-10 06:16:58.239 [info] Getting sessions for repo...
2026-09-10 06:16:58.239 [info] Got 0 sessions for repo...
2026-09-10 06:16:58.240 [info] Getting sessions for repo...
2026-09-10 06:16:58.240 [info] Got 0 sessions for repo...
2026-09-10 06:16:58.240 [info] Getting sessions for repo...
2026-09-10 06:16:58.240 [info] Got 0 sessions for repo...
2026-09-10 06:16:58.241 [info] Getting sessions for repo...
2026-09-10 06:16:58.241 [info] Got 0 sessions for repo...
2026-09-10 06:16:58.241 [info] Getting sessions for repo...
2026-09-10 06:16:58.241 [info] Got 0 sessions for repo...
2026-09-10 06:16:58.241 [info] Getting sessions for repo...
2026-09-10 06:16:58.241 [info] Got 0 sessions for repo...
2026-09-10 06:16:58.241 [info] Getting sessions for repo...
2026-09-10 06:16:58.241 [info] Got 0 sessions for repo...
2026-09-10 06:16:58.242 [info] Getting sessions for repo...
2026-09-10 06:16:58.242 [info] Got 0 sessions for repo...
2026-09-10 06:16:58.242 [info] Getting sessions for repo...
2026-09-10 06:16:58.242 [info] Got 0 sessions for repo...
2026-09-10 06:16:58.273 [info] Getting sessions for all scopes...
2026-09-10 06:16:58.273 [info] Got 0 sessions for all scopes...
2026-09-10 06:16:58.274 [info] Getting sessions for all scopes...
2026-09-10 06:16:58.274 [info] Got 0 sessions for all scopes...
2026-09-10 06:16:58.274 [info] Getting sessions for all scopes...
2026-09-10 06:16:58.274 [info] Got 0 sessions for all scopes...
2026-09-10 06:16:58.274 [info] Getting sessions for all scopes...
2026-09-10 06:16:58.274 [info] Got 0 sessions for all scopes...
2026-09-10 06:16:58.275 [info] Getting sessions for all scopes...
2026-09-10 06:16:58.275 [info] Got 0 sessions for all scopes...
2026-09-10 06:16:58.276 [info] Getting sessions for all scopes...
2026-09-10 06:16:58.276 [info] Got 0 sessions for all scopes...
2026-09-10 06:16:58.276 [info] Getting sessions for all scopes...
2026-09-10 06:16:58.276 [info] Got 0 sessions for all scopes...
2026-09-10 06:16:58.276 [info] Getting sessions for all scopes...
2026-09-10 06:16:58.276 [info] Got 0 sessions for all scopes...
2026-09-10 06:16:58.276 [info] Getting sessions for all scopes...
2026-09-10 06:16:58.276 [info] Got 0 sessions for all scopes...
2026-09-10 06:16:58.276 [info] Getting sessions for all scopes...
2026-09-10 06:16:58.276 [info] Got 0 sessions for all scopes...
2026-09-10 06:16:58.277 [info] Getting sessions for all scopes...
2026-09-10 06:16:58.277 [info] Got 0 sessions for all scopes...
2026-09-10 06:16:58.277 [info] Getting sessions for all scopes...
2026-09-10 06:16:58.277 [info] Got 0 sessions for all scopes...
2026-09-10 06:16:58.277 [info] Getting sessions for all scopes...
2026-09-10 06:16:58.277 [info] Got 0 sessions for all scopes...
2026-09-10 06:16:59.794 [info] Getting sessions for all scopes...
2026-09-10 06:16:59.794 [info] Got 0 sessions for all scopes...
