2026-09-10 08:10:20.877 [info] Reading sessions from keychain...
2026-09-10 08:10:20.877 [info] Getting sessions for all scopes...
2026-09-10 08:10:20.877 [info] Got 0 sessions for all scopes...
2026-09-10 08:10:20.877 [info] Getting sessions for all scopes...
2026-09-10 08:10:20.877 [info] Got 0 sessions for all scopes...
2026-09-10 08:10:20.878 [info] Getting sessions for all scopes...
2026-09-10 08:10:20.878 [info] Got 0 sessions for all scopes...
2026-09-10 08:10:20.878 [info] Getting sessions for read:user,user:email...
2026-09-10 08:10:20.878 [info] Got 0 sessions for read:user,user:email...
2026-09-10 08:10:20.878 [info] Getting sessions for all scopes...
2026-09-10 08:10:20.878 [info] Got 0 sessions for all scopes...
2026-09-10 08:10:20.879 [info] Getting sessions for all scopes...
2026-09-10 08:10:20.879 [info] Got 0 sessions for all scopes...
2026-09-10 08:10:20.879 [info] Getting sessions for read:user,user:email...
2026-09-10 08:10:20.879 [info] Got 0 sessions for read:user,user:email...
2026-09-10 08:10:20.879 [info] Getting sessions for all scopes...
2026-09-10 08:10:20.879 [info] Got 0 sessions for all scopes...
2026-09-10 08:10:20.879 [info] Getting sessions for all scopes...
2026-09-10 08:10:20.879 [info] Got 0 sessions for all scopes...
2026-09-10 08:10:20.879 [info] Getting sessions for all scopes...
2026-09-10 08:10:20.879 [info] Got 0 sessions for all scopes...
2026-09-10 08:10:20.879 [info] Getting sessions for repo...
2026-09-10 08:10:20.879 [info] Got 0 sessions for repo...
2026-09-10 08:10:20.879 [info] Getting sessions for repo...
2026-09-10 08:10:20.879 [info] Got 0 sessions for repo...
2026-09-10 08:10:20.879 [info] Getting sessions for read:user,user:email...
2026-09-10 08:10:20.879 [info] Got 0 sessions for read:user,user:email...
2026-09-10 08:10:20.879 [info] Getting sessions for read:user,user:email...
2026-09-10 08:10:20.880 [info] Got 0 sessions for read:user,user:email...
2026-09-10 08:10:20.880 [info] Getting sessions for read:user,user:email...
2026-09-10 08:10:20.880 [info] Got 0 sessions for read:user,user:email...
2026-09-10 08:10:20.880 [info] Getting sessions for read:user,user:email...
2026-09-10 08:10:20.880 [info] Got 0 sessions for read:user,user:email...
2026-09-10 08:10:20.880 [info] Getting sessions for read:user,user:email...
2026-09-10 08:10:20.880 [info] Got 0 sessions for read:user,user:email...
2026-09-10 08:10:20.880 [info] Getting sessions for read:user,user:email...
2026-09-10 08:10:20.880 [info] Got 0 sessions for read:user,user:email...
2026-09-10 08:10:20.880 [info] Getting sessions for read:user,user:email...
2026-09-10 08:10:20.880 [info] Got 0 sessions for read:user,user:email...
2026-09-10 08:10:20.880 [info] Getting sessions for read:user,user:email...
2026-09-10 08:10:20.880 [info] Got 0 sessions for read:user,user:email...
2026-09-10 08:10:20.880 [info] Getting sessions for read:user,user:email...
2026-09-10 08:10:20.880 [info] Got 0 sessions for read:user,user:email...
2026-09-10 08:10:20.880 [info] Getting sessions for read:user,user:email...
2026-09-10 08:10:20.880 [info] Got 0 sessions for read:user,user:email...
2026-09-10 08:10:20.880 [info] Getting sessions for read:user,user:email...
2026-09-10 08:10:20.880 [info] Got 0 sessions for read:user,user:email...
2026-09-10 08:10:20.880 [info] Getting sessions for read:user,user:email...
2026-09-10 08:10:20.880 [info] Got 0 sessions for read:user,user:email...
2026-09-10 08:10:20.880 [info] Getting sessions for read:user,user:email...
2026-09-10 08:10:20.880 [info] Got 0 sessions for read:user,user:email...
2026-09-10 08:10:20.880 [info] Getting sessions for read:user,user:email...
2026-09-10 08:10:20.880 [info] Got 0 sessions for read:user,user:email...
2026-09-10 08:10:20.880 [info] Getting sessions for all scopes...
2026-09-10 08:10:20.880 [info] Got 0 sessions for all scopes...
2026-09-10 08:10:20.880 [info] Getting sessions for all scopes...
2026-09-10 08:10:20.880 [info] Got 0 sessions for all scopes...
2026-09-10 08:10:20.891 [info] Getting sessions for all scopes...
2026-09-10 08:10:20.891 [info] Got 0 sessions for all scopes...
2026-09-10 08:10:20.892 [info] Getting sessions for all scopes...
2026-09-10 08:10:20.892 [info] Got 0 sessions for all scopes...
2026-09-10 08:10:20.892 [info] Getting sessions for all scopes...
2026-09-10 08:10:20.892 [info] Got 0 sessions for all scopes...
2026-09-10 08:10:20.893 [info] Getting sessions for all scopes...
2026-09-10 08:10:20.893 [info] Got 0 sessions for all scopes...
2026-09-10 08:10:20.893 [info] Getting sessions for all scopes...
2026-09-10 08:10:20.893 [info] Got 0 sessions for all scopes...
2026-09-10 08:10:20.893 [info] Getting sessions for all scopes...
2026-09-10 08:10:20.893 [info] Got 0 sessions for all scopes...
2026-09-10 08:10:20.893 [info] Getting sessions for all scopes...
2026-09-10 08:10:20.893 [info] Got 0 sessions for all scopes...
2026-09-10 08:10:20.894 [info] Getting sessions for all scopes...
2026-09-10 08:10:20.894 [info] Got 0 sessions for all scopes...
2026-09-10 08:10:20.894 [info] Getting sessions for all scopes...
2026-09-10 08:10:20.894 [info] Got 0 sessions for all scopes...
2026-09-10 08:10:20.894 [info] Getting sessions for all scopes...
2026-09-10 08:10:20.894 [info] Got 0 sessions for all scopes...
2026-09-10 08:10:20.894 [info] Getting sessions for all scopes...
2026-09-10 08:10:20.894 [info] Got 0 sessions for all scopes...
2026-09-10 08:10:20.895 [info] Getting sessions for all scopes...
2026-09-10 08:10:20.895 [info] Got 0 sessions for all scopes...
2026-09-10 08:10:20.895 [info] Getting sessions for all scopes...
2026-09-10 08:10:20.895 [info] Got 0 sessions for all scopes...
2026-09-10 08:10:20.895 [info] Getting sessions for all scopes...
2026-09-10 08:10:20.895 [info] Got 0 sessions for all scopes...
2026-09-10 08:10:20.932 [info] Getting sessions for read:user,user:email...
2026-09-10 08:10:20.933 [info] Got 0 sessions for read:user,user:email...
2026-09-10 08:10:20.933 [info] Getting sessions for read:user,user:email...
2026-09-10 08:10:20.933 [info] Got 0 sessions for read:user,user:email...
2026-09-10 08:10:20.934 [info] Getting sessions for repo...
2026-09-10 08:10:20.934 [info] Got 0 sessions for repo...
2026-09-10 08:10:20.934 [info] Getting sessions for repo...
2026-09-10 08:10:20.934 [info] Got 0 sessions for repo...
2026-09-10 08:10:20.935 [info] Getting sessions for repo...
2026-09-10 08:10:20.935 [info] Got 0 sessions for repo...
2026-09-10 08:10:20.935 [info] Getting sessions for repo...
2026-09-10 08:10:20.935 [info] Got 0 sessions for repo...
2026-09-10 08:10:20.935 [info] Getting sessions for repo...
2026-09-10 08:10:20.935 [info] Got 0 sessions for repo...
2026-09-10 08:10:20.935 [info] Getting sessions for repo...
2026-09-10 08:10:20.935 [info] Got 0 sessions for repo...
2026-09-10 08:10:20.936 [info] Getting sessions for repo...
2026-09-10 08:10:20.936 [info] Got 0 sessions for repo...
2026-09-10 08:10:20.936 [info] Getting sessions for repo...
2026-09-10 08:10:20.936 [info] Got 0 sessions for repo...
2026-09-10 08:10:20.936 [info] Getting sessions for repo...
2026-09-10 08:10:20.936 [info] Got 0 sessions for repo...
2026-09-10 08:10:20.936 [info] Getting sessions for repo...
2026-09-10 08:10:20.936 [info] Got 0 sessions for repo...
2026-09-10 08:10:20.936 [info] Getting sessions for repo...
2026-09-10 08:10:20.936 [info] Got 0 sessions for repo...
2026-09-10 08:10:20.937 [info] Getting sessions for repo...
2026-09-10 08:10:20.937 [info] Got 0 sessions for repo...
2026-09-10 08:10:20.937 [info] Getting sessions for repo...
2026-09-10 08:10:20.937 [info] Got 0 sessions for repo...
2026-09-10 08:10:20.937 [info] Getting sessions for repo...
2026-09-10 08:10:20.937 [info] Got 0 sessions for repo...
2026-09-10 08:10:20.944 [info] Getting sessions for all scopes...
2026-09-10 08:10:20.944 [info] Got 0 sessions for all scopes...
2026-09-10 08:10:20.944 [info] Getting sessions for all scopes...
2026-09-10 08:10:20.944 [info] Got 0 sessions for all scopes...
2026-09-10 08:10:20.945 [info] Getting sessions for all scopes...
2026-09-10 08:10:20.945 [info] Got 0 sessions for all scopes...
2026-09-10 08:10:20.945 [info] Getting sessions for all scopes...
2026-09-10 08:10:20.945 [info] Got 0 sessions for all scopes...
2026-09-10 08:10:20.945 [info] Getting sessions for all scopes...
2026-09-10 08:10:20.945 [info] Got 0 sessions for all scopes...
2026-09-10 08:10:20.945 [info] Getting sessions for all scopes...
2026-09-10 08:10:20.946 [info] Got 0 sessions for all scopes...
2026-09-10 08:10:20.946 [info] Getting sessions for all scopes...
2026-09-10 08:10:20.946 [info] Got 0 sessions for all scopes...
2026-09-10 08:10:20.946 [info] Getting sessions for all scopes...
2026-09-10 08:10:20.946 [info] Got 0 sessions for all scopes...
2026-09-10 08:10:20.946 [info] Getting sessions for all scopes...
2026-09-10 08:10:20.946 [info] Got 0 sessions for all scopes...
2026-09-10 08:10:20.947 [info] Getting sessions for all scopes...
2026-09-10 08:10:20.947 [info] Got 0 sessions for all scopes...
2026-09-10 08:10:20.947 [info] Getting sessions for all scopes...
2026-09-10 08:10:20.947 [info] Got 0 sessions for all scopes...
2026-09-10 08:10:20.947 [info] Getting sessions for all scopes...
2026-09-10 08:10:20.947 [info] Got 0 sessions for all scopes...
2026-09-10 08:10:20.947 [info] Getting sessions for all scopes...
2026-09-10 08:10:20.947 [info] Got 0 sessions for all scopes...
2026-09-10 08:10:20.947 [info] Getting sessions for all scopes...
2026-09-10 08:10:20.947 [info] Got 0 sessions for all scopes...
2026-09-10 08:10:20.948 [info] Getting sessions for all scopes...
2026-09-10 08:10:20.948 [info] Got 0 sessions for all scopes...
2026-09-10 08:10:20.948 [info] Getting sessions for all scopes...
2026-09-10 08:10:20.948 [info] Got 0 sessions for all scopes...
2026-09-10 08:10:20.956 [info] Getting sessions for repo...
2026-09-10 08:10:20.956 [info] Got 0 sessions for repo...
2026-09-10 08:10:20.957 [info] Getting sessions for repo...
2026-09-10 08:10:20.957 [info] Got 0 sessions for repo...
2026-09-10 08:10:20.957 [info] Getting sessions for read:user,user:email...
2026-09-10 08:10:20.957 [info] Got 0 sessions for read:user,user:email...
2026-09-10 08:10:20.957 [info] Getting sessions for read:user,user:email...
2026-09-10 08:10:20.957 [info] Got 0 sessions for read:user,user:email...
2026-09-10 08:10:20.957 [info] Getting sessions for read:user,user:email...
2026-09-10 08:10:20.957 [info] Got 0 sessions for read:user,user:email...
2026-09-10 08:10:20.957 [info] Getting sessions for read:user,user:email...
2026-09-10 08:10:20.957 [info] Got 0 sessions for read:user,user:email...
2026-09-10 08:10:20.958 [info] Getting sessions for read:user,user:email...
2026-09-10 08:10:20.958 [info] Got 0 sessions for read:user,user:email...
2026-09-10 08:10:20.958 [info] Getting sessions for read:user,user:email...
2026-09-10 08:10:20.958 [info] Got 0 sessions for read:user,user:email...
2026-09-10 08:10:20.958 [info] Getting sessions for read:user,user:email...
2026-09-10 08:10:20.958 [info] Got 0 sessions for read:user,user:email...
2026-09-10 08:10:20.958 [info] Getting sessions for read:user,user:email...
2026-09-10 08:10:20.958 [info] Got 0 sessions for read:user,user:email...
2026-09-10 08:10:20.959 [info] Getting sessions for read:user,user:email...
2026-09-10 08:10:20.959 [info] Got 0 sessions for read:user,user:email...
2026-09-10 08:10:20.959 [info] Getting sessions for read:user,user:email...
2026-09-10 08:10:20.959 [info] Got 0 sessions for read:user,user:email...
2026-09-10 08:10:20.959 [info] Getting sessions for read:user,user:email...
2026-09-10 08:10:20.959 [info] Got 0 sessions for read:user,user:email...
2026-09-10 08:10:20.961 [info] Getting sessions for read:user,user:email...
2026-09-10 08:10:20.961 [info] Got 0 sessions for read:user,user:email...
2026-09-10 08:10:20.961 [info] Getting sessions for read:user,user:email...
2026-09-10 08:10:20.961 [info] Got 0 sessions for read:user,user:email...
2026-09-10 08:10:20.962 [info] Getting sessions for read:user,user:email...
2026-09-10 08:10:20.962 [info] Got 0 sessions for read:user,user:email...
2026-09-10 08:10:20.964 [info] Getting sessions for all scopes...
2026-09-10 08:10:20.964 [info] Got 0 sessions for all scopes...
2026-09-10 08:10:20.964 [info] Getting sessions for all scopes...
2026-09-10 08:10:20.964 [info] Got 0 sessions for all scopes...
2026-09-10 08:10:20.965 [info] Getting sessions for all scopes...
2026-09-10 08:10:20.965 [info] Got 0 sessions for all scopes...
2026-09-10 08:10:20.965 [info] Getting sessions for all scopes...
2026-09-10 08:10:20.965 [info] Got 0 sessions for all scopes...
2026-09-10 08:10:20.965 [info] Getting sessions for all scopes...
2026-09-10 08:10:20.965 [info] Got 0 sessions for all scopes...
2026-09-10 08:10:20.965 [info] Getting sessions for all scopes...
2026-09-10 08:10:20.965 [info] Got 0 sessions for all scopes...
2026-09-10 08:10:20.966 [info] Getting sessions for all scopes...
2026-09-10 08:10:20.966 [info] Got 0 sessions for all scopes...
2026-09-10 08:10:20.966 [info] Getting sessions for all scopes...
2026-09-10 08:10:20.966 [info] Got 0 sessions for all scopes...
2026-09-10 08:10:20.967 [info] Getting sessions for all scopes...
2026-09-10 08:10:20.967 [info] Got 0 sessions for all scopes...
2026-09-10 08:10:20.967 [info] Getting sessions for all scopes...
2026-09-10 08:10:20.967 [info] Got 0 sessions for all scopes...
2026-09-10 08:10:20.967 [info] Getting sessions for all scopes...
2026-09-10 08:10:20.967 [info] Got 0 sessions for all scopes...
2026-09-10 08:10:20.968 [info] Getting sessions for all scopes...
2026-09-10 08:10:20.968 [info] Got 0 sessions for all scopes...
2026-09-10 08:10:20.981 [info] Getting sessions for all scopes...
2026-09-10 08:10:20.981 [info] Got 0 sessions for all scopes...
2026-09-10 08:10:20.981 [info] Getting sessions for all scopes...
2026-09-10 08:10:20.981 [info] Got 0 sessions for all scopes...
2026-09-10 08:10:20.981 [info] Getting sessions for all scopes...
2026-09-10 08:10:20.981 [info] Got 0 sessions for all scopes...
2026-09-10 08:10:20.982 [info] Getting sessions for all scopes...
2026-09-10 08:10:20.982 [info] Got 0 sessions for all scopes...
2026-09-10 08:10:20.983 [info] Getting sessions for repo...
2026-09-10 08:10:20.983 [info] Got 0 sessions for repo...
2026-09-10 08:10:20.984 [info] Getting sessions for repo...
2026-09-10 08:10:20.984 [info] Got 0 sessions for repo...
2026-09-10 08:10:20.984 [info] Getting sessions for repo...
2026-09-10 08:10:20.984 [info] Got 0 sessions for repo...
2026-09-10 08:10:20.985 [info] Getting sessions for repo...
2026-09-10 08:10:20.985 [info] Got 0 sessions for repo...
2026-09-10 08:10:20.985 [info] Getting sessions for repo...
2026-09-10 08:10:20.985 [info] Got 0 sessions for repo...
2026-09-10 08:10:20.985 [info] Getting sessions for repo...
2026-09-10 08:10:20.985 [info] Got 0 sessions for repo...
2026-09-10 08:10:20.986 [info] Getting sessions for repo...
2026-09-10 08:10:20.986 [info] Got 0 sessions for repo...
2026-09-10 08:10:20.986 [info] Getting sessions for repo...
2026-09-10 08:10:20.986 [info] Got 0 sessions for repo...
2026-09-10 08:10:20.987 [info] Getting sessions for repo...
2026-09-10 08:10:20.987 [info] Got 0 sessions for repo...
2026-09-10 08:10:20.987 [info] Getting sessions for repo...
2026-09-10 08:10:20.987 [info] Got 0 sessions for repo...
2026-09-10 08:10:20.999 [info] Getting sessions for repo...
2026-09-10 08:10:20.999 [info] Got 0 sessions for repo...
2026-09-10 08:10:20.999 [info] Getting sessions for repo...
2026-09-10 08:10:20.999 [info] Got 0 sessions for repo...
2026-09-10 08:10:20.999 [info] Getting sessions for repo...
2026-09-10 08:10:20.999 [info] Got 0 sessions for repo...
2026-09-10 08:10:20.999 [info] Getting sessions for repo...
2026-09-10 08:10:21.000 [info] Got 0 sessions for repo...
2026-09-10 08:10:21.000 [info] Getting sessions for all scopes...
2026-09-10 08:10:21.000 [info] Got 0 sessions for all scopes...
2026-09-10 08:10:21.000 [info] Getting sessions for all scopes...
2026-09-10 08:10:21.000 [info] Got 0 sessions for all scopes...
2026-09-10 08:10:21.000 [info] Getting sessions for all scopes...
2026-09-10 08:10:21.000 [info] Got 0 sessions for all scopes...
2026-09-10 08:10:21.000 [info] Getting sessions for all scopes...
2026-09-10 08:10:21.000 [info] Got 0 sessions for all scopes...
2026-09-10 08:10:21.000 [info] Getting sessions for all scopes...
2026-09-10 08:10:21.000 [info] Got 0 sessions for all scopes...
2026-09-10 08:10:21.000 [info] Getting sessions for all scopes...
2026-09-10 08:10:21.001 [info] Got 0 sessions for all scopes...
2026-09-10 08:10:21.001 [info] Getting sessions for all scopes...
2026-09-10 08:10:21.001 [info] Got 0 sessions for all scopes...
2026-09-10 08:10:21.002 [info] Getting sessions for all scopes...
2026-09-10 08:10:21.002 [info] Got 0 sessions for all scopes...
2026-09-10 08:10:21.003 [info] Getting sessions for all scopes...
2026-09-10 08:10:21.003 [info] Got 0 sessions for all scopes...
2026-09-10 08:10:21.003 [info] Getting sessions for all scopes...
2026-09-10 08:10:21.003 [info] Got 0 sessions for all scopes...
2026-09-10 08:10:21.012 [info] Getting sessions for all scopes...
2026-09-10 08:10:21.012 [info] Got 0 sessions for all scopes...
2026-09-10 08:10:21.012 [info] Getting sessions for all scopes...
2026-09-10 08:10:21.012 [info] Got 0 sessions for all scopes...
2026-09-10 08:10:21.012 [info] Getting sessions for all scopes...
2026-09-10 08:10:21.012 [info] Got 0 sessions for all scopes...
2026-09-10 08:10:21.013 [info] Getting sessions for all scopes...
2026-09-10 08:10:21.013 [info] Got 0 sessions for all scopes...
2026-09-10 08:10:21.974 [info] Getting sessions for read:user,repo,user:email,workflow...
2026-09-10 08:10:21.974 [info] Got 0 sessions for read:user,repo,user:email,workflow...
2026-09-10 08:10:22.816 [info] Getting sessions for all scopes...
2026-09-10 08:10:22.816 [info] Got 0 sessions for all scopes...
