2026-09-10 07:51:53.389 [info] Reading sessions from keychain...
2026-09-10 07:51:53.389 [info] Getting sessions for all scopes...
2026-09-10 07:51:53.389 [info] Got 0 sessions for all scopes...
2026-09-10 07:51:53.389 [info] Getting sessions for all scopes...
2026-09-10 07:51:53.389 [info] Got 0 sessions for all scopes...
2026-09-10 07:51:53.389 [info] Getting sessions for all scopes...
2026-09-10 07:51:53.389 [info] Got 0 sessions for all scopes...
2026-09-10 07:51:53.389 [info] Getting sessions for all scopes...
2026-09-10 07:51:53.389 [info] Got 0 sessions for all scopes...
2026-09-10 07:51:53.389 [info] Getting sessions for read:user,user:email...
2026-09-10 07:51:53.389 [info] Got 0 sessions for read:user,user:email...
2026-09-10 07:51:53.390 [info] Getting sessions for all scopes...
2026-09-10 07:51:53.390 [info] Got 0 sessions for all scopes...
2026-09-10 07:51:53.390 [info] Getting sessions for all scopes...
2026-09-10 07:51:53.390 [info] Got 0 sessions for all scopes...
2026-09-10 07:51:53.390 [info] Getting sessions for read:user,user:email...
2026-09-10 07:51:53.390 [info] Got 0 sessions for read:user,user:email...
2026-09-10 07:51:53.390 [info] Getting sessions for read:user,user:email...
2026-09-10 07:51:53.390 [info] Got 0 sessions for read:user,user:email...
2026-09-10 07:51:53.390 [info] Getting sessions for read:user,user:email...
2026-09-10 07:51:53.390 [info] Got 0 sessions for read:user,user:email...
2026-09-10 07:51:53.390 [info] Getting sessions for read:user,user:email...
2026-09-10 07:51:53.390 [info] Got 0 sessions for read:user,user:email...
2026-09-10 07:51:53.390 [info] Getting sessions for read:user,user:email...
2026-09-10 07:51:53.390 [info] Got 0 sessions for read:user,user:email...
2026-09-10 07:51:53.390 [info] Getting sessions for read:user,user:email...
2026-09-10 07:51:53.390 [info] Got 0 sessions for read:user,user:email...
2026-09-10 07:51:53.390 [info] Getting sessions for read:user,user:email...
2026-09-10 07:51:53.390 [info] Got 0 sessions for read:user,user:email...
2026-09-10 07:51:53.390 [info] Getting sessions for read:user,user:email...
2026-09-10 07:51:53.390 [info] Got 0 sessions for read:user,user:email...
2026-09-10 07:51:53.390 [info] Getting sessions for read:user,user:email...
2026-09-10 07:51:53.390 [info] Got 0 sessions for read:user,user:email...
2026-09-10 07:51:53.390 [info] Getting sessions for read:user,user:email...
2026-09-10 07:51:53.390 [info] Got 0 sessions for read:user,user:email...
2026-09-10 07:51:53.390 [info] Getting sessions for read:user,user:email...
2026-09-10 07:51:53.390 [info] Got 0 sessions for read:user,user:email...
2026-09-10 07:51:53.390 [info] Getting sessions for read:user,user:email...
2026-09-10 07:51:53.390 [info] Got 0 sessions for read:user,user:email...
2026-09-10 07:51:53.390 [info] Getting sessions for read:user,user:email...
2026-09-10 07:51:53.390 [info] Got 0 sessions for read:user,user:email...
2026-09-10 07:51:53.390 [info] Getting sessions for read:user,user:email...
2026-09-10 07:51:53.390 [info] Got 0 sessions for read:user,user:email...
2026-09-10 07:51:53.390 [info] Getting sessions for read:user,user:email...
2026-09-10 07:51:53.390 [info] Got 0 sessions for read:user,user:email...
2026-09-10 07:51:53.390 [info] Getting sessions for read:user,user:email...
2026-09-10 07:51:53.390 [info] Got 0 sessions for read:user,user:email...
2026-09-10 07:51:53.390 [info] Getting sessions for all scopes...
2026-09-10 07:51:53.390 [info] Got 0 sessions for all scopes...
2026-09-10 07:51:53.390 [info] Getting sessions for all scopes...
2026-09-10 07:51:53.390 [info] Got 0 sessions for all scopes...
2026-09-10 07:51:53.390 [info] Getting sessions for all scopes...
2026-09-10 07:51:53.390 [info] Got 0 sessions for all scopes...
2026-09-10 07:51:53.390 [info] Getting sessions for all scopes...
2026-09-10 07:51:53.390 [info] Got 0 sessions for all scopes...
2026-09-10 07:51:53.390 [info] Getting sessions for all scopes...
2026-09-10 07:51:53.390 [info] Got 0 sessions for all scopes...
2026-09-10 07:51:53.390 [info] Getting sessions for all scopes...
2026-09-10 07:51:53.390 [info] Got 0 sessions for all scopes...
2026-09-10 07:51:53.390 [info] Getting sessions for all scopes...
2026-09-10 07:51:53.390 [info] Got 0 sessions for all scopes...
2026-09-10 07:51:53.390 [info] Getting sessions for all scopes...
2026-09-10 07:51:53.390 [info] Got 0 sessions for all scopes...
2026-09-10 07:51:53.390 [info] Getting sessions for all scopes...
2026-09-10 07:51:53.390 [info] Got 0 sessions for all scopes...
2026-09-10 07:51:53.390 [info] Getting sessions for all scopes...
2026-09-10 07:51:53.390 [info] Got 0 sessions for all scopes...
2026-09-10 07:51:53.390 [info] Getting sessions for all scopes...
2026-09-10 07:51:53.390 [info] Got 0 sessions for all scopes...
2026-09-10 07:51:53.390 [info] Getting sessions for all scopes...
2026-09-10 07:51:53.390 [info] Got 0 sessions for all scopes...
2026-09-10 07:51:53.390 [info] Getting sessions for all scopes...
2026-09-10 07:51:53.390 [info] Got 0 sessions for all scopes...
2026-09-10 07:51:53.390 [info] Getting sessions for all scopes...
2026-09-10 07:51:53.390 [info] Got 0 sessions for all scopes...
2026-09-10 07:51:53.390 [info] Getting sessions for all scopes...
2026-09-10 07:51:53.390 [info] Got 0 sessions for all scopes...
2026-09-10 07:51:53.390 [info] Getting sessions for all scopes...
2026-09-10 07:51:53.390 [info] Got 0 sessions for all scopes...
2026-09-10 07:51:53.390 [info] Getting sessions for all scopes...
2026-09-10 07:51:53.390 [info] Got 0 sessions for all scopes...
2026-09-10 07:51:53.390 [info] Getting sessions for all scopes...
2026-09-10 07:51:53.390 [info] Got 0 sessions for all scopes...
2026-09-10 07:51:53.390 [info] Getting sessions for repo...
2026-09-10 07:51:53.390 [info] Got 0 sessions for repo...
2026-09-10 07:51:53.390 [info] Getting sessions for repo...
2026-09-10 07:51:53.390 [info] Got 0 sessions for repo...
2026-09-10 07:51:53.390 [info] Getting sessions for repo...
2026-09-10 07:51:53.390 [info] Got 0 sessions for repo...
2026-09-10 07:51:53.390 [info] Getting sessions for repo...
2026-09-10 07:51:53.390 [info] Got 0 sessions for repo...
2026-09-10 07:51:53.390 [info] Getting sessions for repo...
2026-09-10 07:51:53.390 [info] Got 0 sessions for repo...
2026-09-10 07:51:53.390 [info] Getting sessions for repo...
2026-09-10 07:51:53.390 [info] Got 0 sessions for repo...
2026-09-10 07:51:53.390 [info] Getting sessions for repo...
2026-09-10 07:51:53.390 [info] Got 0 sessions for repo...
2026-09-10 07:51:53.390 [info] Getting sessions for repo...
2026-09-10 07:51:53.390 [info] Got 0 sessions for repo...
2026-09-10 07:51:53.390 [info] Getting sessions for repo...
2026-09-10 07:51:53.390 [info] Got 0 sessions for repo...
2026-09-10 07:51:53.390 [info] Getting sessions for repo...
2026-09-10 07:51:53.390 [info] Got 0 sessions for repo...
2026-09-10 07:51:53.390 [info] Getting sessions for repo...
2026-09-10 07:51:53.390 [info] Got 0 sessions for repo...
2026-09-10 07:51:53.390 [info] Getting sessions for repo...
2026-09-10 07:51:53.390 [info] Got 0 sessions for repo...
2026-09-10 07:51:53.390 [info] Getting sessions for repo...
2026-09-10 07:51:53.390 [info] Got 0 sessions for repo...
2026-09-10 07:51:53.390 [info] Getting sessions for repo...
2026-09-10 07:51:53.390 [info] Got 0 sessions for repo...
2026-09-10 07:51:53.390 [info] Getting sessions for repo...
2026-09-10 07:51:53.390 [info] Got 0 sessions for repo...
2026-09-10 07:51:53.390 [info] Getting sessions for repo...
2026-09-10 07:51:53.390 [info] Got 0 sessions for repo...
2026-09-10 07:51:53.390 [info] Getting sessions for repo...
2026-09-10 07:51:53.390 [info] Got 0 sessions for repo...
2026-09-10 07:51:53.390 [info] Getting sessions for all scopes...
2026-09-10 07:51:53.390 [info] Got 0 sessions for all scopes...
2026-09-10 07:51:53.390 [info] Getting sessions for all scopes...
2026-09-10 07:51:53.390 [info] Got 0 sessions for all scopes...
2026-09-10 07:51:53.390 [info] Getting sessions for all scopes...
2026-09-10 07:51:53.390 [info] Got 0 sessions for all scopes...
2026-09-10 07:51:53.390 [info] Getting sessions for all scopes...
2026-09-10 07:51:53.390 [info] Got 0 sessions for all scopes...
2026-09-10 07:51:53.390 [info] Getting sessions for all scopes...
2026-09-10 07:51:53.390 [info] Got 0 sessions for all scopes...
2026-09-10 07:51:53.390 [info] Getting sessions for all scopes...
2026-09-10 07:51:53.390 [info] Got 0 sessions for all scopes...
2026-09-10 07:51:53.390 [info] Getting sessions for all scopes...
2026-09-10 07:51:53.390 [info] Got 0 sessions for all scopes...
2026-09-10 07:51:53.390 [info] Getting sessions for all scopes...
2026-09-10 07:51:53.390 [info] Got 0 sessions for all scopes...
2026-09-10 07:51:53.390 [info] Getting sessions for all scopes...
2026-09-10 07:51:53.390 [info] Got 0 sessions for all scopes...
2026-09-10 07:51:53.390 [info] Getting sessions for all scopes...
2026-09-10 07:51:53.390 [info] Got 0 sessions for all scopes...
2026-09-10 07:51:53.390 [info] Getting sessions for all scopes...
2026-09-10 07:51:53.390 [info] Got 0 sessions for all scopes...
2026-09-10 07:51:53.390 [info] Getting sessions for all scopes...
2026-09-10 07:51:53.390 [info] Got 0 sessions for all scopes...
2026-09-10 07:51:53.390 [info] Getting sessions for all scopes...
2026-09-10 07:51:53.390 [info] Got 0 sessions for all scopes...
2026-09-10 07:51:53.390 [info] Getting sessions for all scopes...
2026-09-10 07:51:53.390 [info] Got 0 sessions for all scopes...
2026-09-10 07:51:53.390 [info] Getting sessions for all scopes...
2026-09-10 07:51:53.390 [info] Got 0 sessions for all scopes...
2026-09-10 07:51:53.390 [info] Getting sessions for all scopes...
2026-09-10 07:51:53.390 [info] Got 0 sessions for all scopes...
2026-09-10 07:51:53.390 [info] Getting sessions for all scopes...
2026-09-10 07:51:53.390 [info] Got 0 sessions for all scopes...
2026-09-10 07:51:53.390 [info] Getting sessions for read:user,user:email...
2026-09-10 07:51:53.390 [info] Got 0 sessions for read:user,user:email...
2026-09-10 07:51:53.390 [info] Getting sessions for read:user,user:email...
2026-09-10 07:51:53.390 [info] Got 0 sessions for read:user,user:email...
2026-09-10 07:51:53.390 [info] Getting sessions for read:user,user:email...
2026-09-10 07:51:53.390 [info] Got 0 sessions for read:user,user:email...
2026-09-10 07:51:53.390 [info] Getting sessions for read:user,user:email...
2026-09-10 07:51:53.390 [info] Got 0 sessions for read:user,user:email...
2026-09-10 07:51:53.390 [info] Getting sessions for read:user,user:email...
2026-09-10 07:51:53.390 [info] Got 0 sessions for read:user,user:email...
2026-09-10 07:51:53.390 [info] Getting sessions for read:user,user:email...
2026-09-10 07:51:53.390 [info] Got 0 sessions for read:user,user:email...
2026-09-10 07:51:53.390 [info] Getting sessions for read:user,user:email...
2026-09-10 07:51:53.390 [info] Got 0 sessions for read:user,user:email...
2026-09-10 07:51:53.390 [info] Getting sessions for read:user,user:email...
2026-09-10 07:51:53.390 [info] Got 0 sessions for read:user,user:email...
2026-09-10 07:51:53.390 [info] Getting sessions for read:user,user:email...
2026-09-10 07:51:53.390 [info] Got 0 sessions for read:user,user:email...
2026-09-10 07:51:53.390 [info] Getting sessions for read:user,user:email...
2026-09-10 07:51:53.390 [info] Got 0 sessions for read:user,user:email...
2026-09-10 07:51:53.390 [info] Getting sessions for read:user,user:email...
2026-09-10 07:51:53.390 [info] Got 0 sessions for read:user,user:email...
2026-09-10 07:51:53.390 [info] Getting sessions for read:user,user:email...
2026-09-10 07:51:53.390 [info] Got 0 sessions for read:user,user:email...
2026-09-10 07:51:53.390 [info] Getting sessions for read:user,user:email...
2026-09-10 07:51:53.390 [info] Got 0 sessions for read:user,user:email...
2026-09-10 07:51:53.390 [info] Getting sessions for read:user,user:email...
2026-09-10 07:51:53.390 [info] Got 0 sessions for read:user,user:email...
2026-09-10 07:51:53.390 [info] Getting sessions for read:user,user:email...
2026-09-10 07:51:53.390 [info] Got 0 sessions for read:user,user:email...
2026-09-10 07:51:53.390 [info] Getting sessions for read:user,user:email...
2026-09-10 07:51:53.390 [info] Got 0 sessions for read:user,user:email...
2026-09-10 07:51:53.390 [info] Getting sessions for read:user,user:email...
2026-09-10 07:51:53.390 [info] Got 0 sessions for read:user,user:email...
2026-09-10 07:51:53.390 [info] Getting sessions for all scopes...
2026-09-10 07:51:53.390 [info] Got 0 sessions for all scopes...
2026-09-10 07:51:53.390 [info] Getting sessions for all scopes...
2026-09-10 07:51:53.390 [info] Got 0 sessions for all scopes...
2026-09-10 07:51:53.390 [info] Getting sessions for all scopes...
2026-09-10 07:51:53.390 [info] Got 0 sessions for all scopes...
2026-09-10 07:51:53.390 [info] Getting sessions for all scopes...
2026-09-10 07:51:53.390 [info] Got 0 sessions for all scopes...
2026-09-10 07:51:53.390 [info] Getting sessions for all scopes...
2026-09-10 07:51:53.390 [info] Got 0 sessions for all scopes...
2026-09-10 07:51:53.390 [info] Getting sessions for all scopes...
2026-09-10 07:51:53.390 [info] Got 0 sessions for all scopes...
2026-09-10 07:51:53.390 [info] Getting sessions for all scopes...
2026-09-10 07:51:53.390 [info] Got 0 sessions for all scopes...
2026-09-10 07:51:53.390 [info] Getting sessions for all scopes...
2026-09-10 07:51:53.390 [info] Got 0 sessions for all scopes...
2026-09-10 07:51:53.390 [info] Getting sessions for all scopes...
2026-09-10 07:51:53.390 [info] Got 0 sessions for all scopes...
2026-09-10 07:51:53.390 [info] Getting sessions for all scopes...
2026-09-10 07:51:53.390 [info] Got 0 sessions for all scopes...
2026-09-10 07:51:53.390 [info] Getting sessions for all scopes...
2026-09-10 07:51:53.390 [info] Got 0 sessions for all scopes...
2026-09-10 07:51:53.390 [info] Getting sessions for all scopes...
2026-09-10 07:51:53.390 [info] Got 0 sessions for all scopes...
2026-09-10 07:51:53.390 [info] Getting sessions for all scopes...
2026-09-10 07:51:53.390 [info] Got 0 sessions for all scopes...
2026-09-10 07:51:53.390 [info] Getting sessions for all scopes...
2026-09-10 07:51:53.390 [info] Got 0 sessions for all scopes...
2026-09-10 07:51:53.390 [info] Getting sessions for all scopes...
2026-09-10 07:51:53.390 [info] Got 0 sessions for all scopes...
2026-09-10 07:51:53.390 [info] Getting sessions for all scopes...
2026-09-10 07:51:53.390 [info] Got 0 sessions for all scopes...
2026-09-10 07:51:53.390 [info] Getting sessions for all scopes...
2026-09-10 07:51:53.390 [info] Got 0 sessions for all scopes...
2026-09-10 07:51:53.390 [info] Getting sessions for repo...
2026-09-10 07:51:53.390 [info] Got 0 sessions for repo...
2026-09-10 07:51:53.390 [info] Getting sessions for repo...
2026-09-10 07:51:53.390 [info] Got 0 sessions for repo...
2026-09-10 07:51:53.390 [info] Getting sessions for repo...
2026-09-10 07:51:53.390 [info] Got 0 sessions for repo...
2026-09-10 07:51:53.391 [info] Getting sessions for repo...
2026-09-10 07:51:53.391 [info] Got 0 sessions for repo...
2026-09-10 07:51:53.391 [info] Getting sessions for repo...
2026-09-10 07:51:53.391 [info] Got 0 sessions for repo...
2026-09-10 07:51:53.391 [info] Getting sessions for repo...
2026-09-10 07:51:53.391 [info] Got 0 sessions for repo...
2026-09-10 07:51:53.391 [info] Getting sessions for repo...
2026-09-10 07:51:53.391 [info] Got 0 sessions for repo...
2026-09-10 07:51:53.391 [info] Getting sessions for repo...
2026-09-10 07:51:53.391 [info] Got 0 sessions for repo...
2026-09-10 07:51:53.391 [info] Getting sessions for repo...
2026-09-10 07:51:53.391 [info] Got 0 sessions for repo...
2026-09-10 07:51:53.391 [info] Getting sessions for repo...
2026-09-10 07:51:53.391 [info] Got 0 sessions for repo...
2026-09-10 07:51:53.392 [info] Getting sessions for repo...
2026-09-10 07:51:53.392 [info] Got 0 sessions for repo...
2026-09-10 07:51:53.392 [info] Getting sessions for repo...
2026-09-10 07:51:53.392 [info] Got 0 sessions for repo...
2026-09-10 07:51:53.392 [info] Getting sessions for repo...
2026-09-10 07:51:53.392 [info] Got 0 sessions for repo...
2026-09-10 07:51:53.393 [info] Getting sessions for repo...
2026-09-10 07:51:53.393 [info] Got 0 sessions for repo...
2026-09-10 07:51:53.393 [info] Getting sessions for repo...
2026-09-10 07:51:53.393 [info] Got 0 sessions for repo...
2026-09-10 07:51:53.393 [info] Getting sessions for repo...
2026-09-10 07:51:53.394 [info] Got 0 sessions for repo...
2026-09-10 07:51:53.394 [info] Getting sessions for repo...
2026-09-10 07:51:53.394 [info] Got 0 sessions for repo...
2026-09-10 07:51:53.417 [info] Getting sessions for all scopes...
2026-09-10 07:51:53.417 [info] Got 0 sessions for all scopes...
2026-09-10 07:51:53.417 [info] Getting sessions for all scopes...
2026-09-10 07:51:53.417 [info] Got 0 sessions for all scopes...
2026-09-10 07:51:53.417 [info] Getting sessions for all scopes...
2026-09-10 07:51:53.417 [info] Got 0 sessions for all scopes...
2026-09-10 07:51:53.417 [info] Getting sessions for all scopes...
2026-09-10 07:51:53.417 [info] Got 0 sessions for all scopes...
2026-09-10 07:51:53.417 [info] Getting sessions for all scopes...
2026-09-10 07:51:53.417 [info] Got 0 sessions for all scopes...
2026-09-10 07:51:53.418 [info] Getting sessions for all scopes...
2026-09-10 07:51:53.418 [info] Got 0 sessions for all scopes...
2026-09-10 07:51:53.418 [info] Getting sessions for all scopes...
2026-09-10 07:51:53.418 [info] Got 0 sessions for all scopes...
2026-09-10 07:51:53.418 [info] Getting sessions for all scopes...
2026-09-10 07:51:53.418 [info] Got 0 sessions for all scopes...
2026-09-10 07:51:53.418 [info] Getting sessions for all scopes...
2026-09-10 07:51:53.418 [info] Got 0 sessions for all scopes...
2026-09-10 07:51:53.419 [info] Getting sessions for all scopes...
2026-09-10 07:51:53.419 [info] Got 0 sessions for all scopes...
2026-09-10 07:51:53.419 [info] Getting sessions for all scopes...
2026-09-10 07:51:53.419 [info] Got 0 sessions for all scopes...
2026-09-10 07:51:53.419 [info] Getting sessions for all scopes...
2026-09-10 07:51:53.419 [info] Got 0 sessions for all scopes...
2026-09-10 07:51:53.419 [info] Getting sessions for all scopes...
2026-09-10 07:51:53.419 [info] Got 0 sessions for all scopes...
2026-09-10 07:51:53.419 [info] Getting sessions for all scopes...
2026-09-10 07:51:53.419 [info] Got 0 sessions for all scopes...
2026-09-10 07:51:53.419 [info] Getting sessions for all scopes...
2026-09-10 07:51:53.419 [info] Got 0 sessions for all scopes...
2026-09-10 07:51:53.420 [info] Getting sessions for all scopes...
2026-09-10 07:51:53.420 [info] Got 0 sessions for all scopes...
2026-09-10 07:51:53.420 [info] Getting sessions for all scopes...
2026-09-10 07:51:53.420 [info] Got 0 sessions for all scopes...
2026-09-10 07:51:54.740 [info] Getting sessions for all scopes...
2026-09-10 07:51:54.740 [info] Got 0 sessions for all scopes...
