2026-09-09 08:10:08.114 [info] Reading sessions from keychain...
2026-09-09 08:10:08.114 [info] Getting sessions for all scopes...
2026-09-09 08:10:08.114 [info] Got 0 sessions for all scopes...
2026-09-09 08:10:08.114 [info] Getting sessions for all scopes...
2026-09-09 08:10:08.114 [info] Got 0 sessions for all scopes...
2026-09-09 08:10:08.114 [info] Getting sessions for all scopes...
2026-09-09 08:10:08.114 [info] Got 0 sessions for all scopes...
2026-09-09 08:10:08.114 [info] Getting sessions for all scopes...
2026-09-09 08:10:08.114 [info] Got 0 sessions for all scopes...
2026-09-09 08:10:08.121 [info] Getting sessions for all scopes...
2026-09-09 08:10:08.121 [info] Got 0 sessions for all scopes...
2026-09-09 08:10:08.204 [info] Getting sessions for read:user,user:email...
2026-09-09 08:10:08.204 [info] Got 0 sessions for read:user,user:email...
2026-09-09 08:10:08.233 [info] Getting sessions for all scopes...
2026-09-09 08:10:08.233 [info] Got 0 sessions for all scopes...
2026-09-09 08:10:08.257 [info] Getting sessions for repo...
2026-09-09 08:10:08.257 [info] Got 0 sessions for repo...
2026-09-09 08:10:08.265 [info] Getting sessions for all scopes...
2026-09-09 08:10:08.265 [info] Got 0 sessions for all scopes...
2026-09-09 08:10:08.334 [info] Getting sessions for read:user,user:email...
2026-09-09 08:10:08.334 [info] Got 0 sessions for read:user,user:email...
2026-09-09 08:10:08.337 [info] Getting sessions for all scopes...
2026-09-09 08:10:08.337 [info] Got 0 sessions for all scopes...
2026-09-09 08:10:08.343 [info] Getting sessions for repo...
2026-09-09 08:10:08.343 [info] Got 0 sessions for repo...
2026-09-09 08:10:08.347 [info] Getting sessions for all scopes...
2026-09-09 08:10:08.347 [info] Got 0 sessions for all scopes...
2026-09-09 08:10:10.082 [info] Getting sessions for all scopes...
2026-09-09 08:10:10.082 [info] Got 0 sessions for all scopes...
