2026-09-10 06:18:28.370 [info] Reading sessions from keychain...
2026-09-10 06:18:28.370 [info] Getting sessions for all scopes...
2026-09-10 06:18:28.370 [info] Got 0 sessions for all scopes...
2026-09-10 06:18:28.370 [info] Getting sessions for all scopes...
2026-09-10 06:18:28.370 [info] Got 0 sessions for all scopes...
2026-09-10 06:18:28.370 [info] Getting sessions for all scopes...
2026-09-10 06:18:28.370 [info] Got 0 sessions for all scopes...
2026-09-10 06:18:28.370 [info] Getting sessions for all scopes...
2026-09-10 06:18:28.370 [info] Got 0 sessions for all scopes...
2026-09-10 06:18:28.506 [info] Getting sessions for read:user,user:email...
2026-09-10 06:18:28.506 [info] Got 0 sessions for read:user,user:email...
2026-09-10 06:18:28.521 [info] Getting sessions for all scopes...
2026-09-10 06:18:28.521 [info] Got 0 sessions for all scopes...
2026-09-10 06:18:28.566 [info] Getting sessions for repo...
2026-09-10 06:18:28.566 [info] Got 0 sessions for repo...
2026-09-10 06:18:28.575 [info] Getting sessions for all scopes...
2026-09-10 06:18:28.575 [info] Got 0 sessions for all scopes...
2026-09-10 06:18:28.594 [info] Getting sessions for read:user,user:email...
2026-09-10 06:18:28.594 [info] Got 0 sessions for read:user,user:email...
2026-09-10 06:18:28.602 [info] Getting sessions for all scopes...
2026-09-10 06:18:28.602 [info] Got 0 sessions for all scopes...
2026-09-10 06:18:28.604 [info] Getting sessions for repo...
2026-09-10 06:18:28.604 [info] Got 0 sessions for repo...
2026-09-10 06:18:28.605 [info] Getting sessions for all scopes...
2026-09-10 06:18:28.605 [info] Got 0 sessions for all scopes...
2026-09-10 06:18:29.928 [info] Getting sessions for all scopes...
2026-09-10 06:18:29.928 [info] Got 0 sessions for all scopes...
