
[main 2026-09-09T15:08:18.176Z] StorageMainService: creating application shared storage
[main 2026-09-09T15:08:18.237Z] [shared storage] Creating shared storage database at ':memory:' (wasCreated: true)
[main 2026-09-09T15:08:18.239Z] [shared storage] Initializing fallback application storage (path: in-memory)
[main 2026-09-09T15:08:18.261Z] [shared storage] Fallback application storage initialized with 3 items
[main 2026-09-09T15:08:19.001Z] update#setState idle
[AgentHost:renderer] Acquiring MessagePort to agent host...
[main 2026-09-09T15:08:19.025Z] AgentHostProcessManager: agent host started
[ChatModelSelection] event=no-model-at-toolbar-build surface="workbench" sessionKey=undefined conversationKey=undefined modelTarget=undefined storageKey="chat.currentLanguageModel.panel" widgetViewKind="view"
[AgentHost:renderer] MessagePort acquired, creating client...
[ChatModelSelection] event=no-model-at-toolbar-build surface="workbench" sessionKey="local" conversationKey="vscode-chat-session://local/NjQzYTVhNzUtYjAyOS00MjY5LTlkYjAtNDAwNmRiZDliNGQz" modelTarget=undefined storageKey="chat.currentLanguageModel.panel" widgetViewKind="view"
Started initializing default profile extensions in extensions installation folder. file:///i%3A/BackFile/code/hornet-cpptools/Extension/artifacts/index-host/extensions
Started local extension host with pid 21228.
[AgentHost:renderer] Protocol connection established; clientId=5751b5f9-99e2-4d9d-97e0-6d2a5f20a1d3
Completed initializing default profile extensions in extensions installation folder. file:///i%3A/BackFile/code/hornet-cpptools/Extension/artifacts/index-host/extensions
[AccountPolicyGate] apply: state=inactive, reason=undefined, isRestricted=false
Loading development extension at i:\BackFile\code\hornet-cpptools\Extension
[AgentHost] No token resolved for resource: https://api.github.com
[AgentHost] Clearing authentication for resource: https://api.github.com
[AgentHost] No token resolved for resource: https://api.github.com
[AgentHost] No token resolved for resource: https://api.github.com
[AgentHost] No token resolved for resource: https://api.github.com
[AgentHost] No token resolved for resource: https://api.github.com
[AgentHost] No token resolved for resource: https://api.github.com
[AgentHost] No token resolved for resource: https://api.github.com
[AgentHost] No token resolved for resource: https://api.github.com
[AgentHost] No token resolved for resource: https://api.github.com
[AgentHost] No token resolved for resource: https://api.github.com
[AgentHost] No token resolved for resource: https://api.github.com
[AgentHost] No token resolved for resource: https://api.github.com
[AgentHost] No token resolved for resource: https://api.github.com
[AgentHost] No token resolved for resource: https://api.github.com/repos
[AgentHost] No token resolved for resource: https://api.github.com/repos
[AgentHost] No token resolved for resource: https://api.github.com/repos
[AgentHost] No token resolved for resource: https://api.github.com/repos
[AgentHost] Clearing authentication for resource: https://api.github.com/repos
[AgentHost] No token resolved for resource: https://api.github.com/repos
[AgentHost] No token resolved for resource: https://api.github.com/repos
[AgentHost] No token resolved for resource: https://api.github.com/repos
[AgentHost] No token resolved for resource: https://api.github.com/repos
[AgentHost] No token resolved for resource: https://api.github.com/repos
[AgentHost] No token resolved for resource: https://api.github.com/repos
[AgentHost] No token resolved for resource: https://api.github.com/repos
[AgentHost] No token resolved for resource: https://api.github.com/repos
[AgentHost] No token resolved for resource: https://api.github.com/repos
[AgentHost] No token resolved for resource: https://api.github.com
[AgentHost] No token resolved for resource: https://api.github.com
[AgentHost] No token resolved for resource: https://api.github.com
[AgentHost] No token resolved for resource: https://api.github.com
[AgentHost] No token resolved for resource: https://api.github.com
[AgentHost] No token resolved for resource: https://api.github.com
[AgentHost] No token resolved for resource: https://api.github.com
[AgentHost] No token resolved for resource: https://api.github.com
[AgentHost] No token resolved for resource: https://api.github.com
[AgentHost] No token resolved for resource: https://api.github.com
[AgentHost] No token resolved for resource: https://api.github.com
[AgentHost] No token resolved for resource: https://api.github.com
[AgentHost] No token resolved for resource: https://api.github.com
[AgentHost] No token resolved for resource: https://api.github.com/repos
[AgentHost] No token resolved for resource: https://api.github.com/repos
[AgentHost] No token resolved for resource: https://api.github.com/repos
[AgentHost] No token resolved for resource: https://api.github.com/repos
[AgentHost] No token resolved for resource: https://api.github.com/repos
[AgentHost] No token resolved for resource: https://api.github.com/repos
[AgentHost] No token resolved for resource: https://api.github.com/repos
[AgentHost] No token resolved for resource: https://api.github.com/repos
[AgentHost] No token resolved for resource: https://api.github.com/repos
[AgentHost] No token resolved for resource: https://api.github.com/repos
[AgentHost] No token resolved for resource: https://api.github.com/repos
[AgentHost] No token resolved for resource: https://api.github.com/repos
[ChatModelSelection] event=no-model-at-toolbar-build surface="workbench" sessionKey="local" conversationKey="vscode-chat-session://local/NjQzYTVhNzUtYjAyOS00MjY5LTlkYjAtNDAwNmRiZDliNGQz" modelTarget=undefined storageKey="chat.currentLanguageModel.panel" widgetViewKind="view"
[AgentHost] No token resolved for resource: https://api.github.com/repos
Settings Sync: Account status changed from uninitialized to unavailable
[main 2026-09-09T15:08:21.564Z] Extension host with pid 21228 exited with code: 0, signal: unknown.
