2026-09-10 06:19:58.786 [info] Reading sessions from keychain...
2026-09-10 06:19:58.786 [info] Getting sessions for all scopes...
2026-09-10 06:19:58.798 [info] Got 0 sessions for all scopes...
2026-09-10 06:19:58.798 [info] Getting sessions for all scopes...
2026-09-10 06:19:58.798 [info] Got 0 sessions for all scopes...
2026-09-10 06:19:58.798 [info] Getting sessions for all scopes...
2026-09-10 06:19:58.798 [info] Got 0 sessions for all scopes...
2026-09-10 06:19:58.810 [info] Getting sessions for all scopes...
2026-09-10 06:19:58.810 [info] Got 0 sessions for all scopes...
2026-09-10 06:19:58.915 [info] Getting sessions for read:user,user:email...
2026-09-10 06:19:58.915 [info] Got 0 sessions for read:user,user:email...
2026-09-10 06:19:58.991 [info] Getting sessions for all scopes...
2026-09-10 06:19:58.991 [info] Got 0 sessions for all scopes...
2026-09-10 06:19:59.054 [info] Getting sessions for repo...
2026-09-10 06:19:59.054 [info] Got 0 sessions for repo...
2026-09-10 06:19:59.061 [info] Getting sessions for all scopes...
2026-09-10 06:19:59.061 [info] Got 0 sessions for all scopes...
2026-09-10 06:19:59.097 [info] Getting sessions for read:user,user:email...
2026-09-10 06:19:59.097 [info] Got 0 sessions for read:user,user:email...
2026-09-10 06:19:59.165 [info] Getting sessions for all scopes...
2026-09-10 06:19:59.165 [info] Got 0 sessions for all scopes...
2026-09-10 06:19:59.172 [info] Getting sessions for repo...
2026-09-10 06:19:59.172 [info] Got 0 sessions for repo...
2026-09-10 06:19:59.176 [info] Getting sessions for all scopes...
2026-09-10 06:19:59.176 [info] Got 0 sessions for all scopes...
2026-09-10 06:20:00.708 [info] Getting sessions for all scopes...
2026-09-10 06:20:00.708 [info] Got 0 sessions for all scopes...
