2026-09-10 07:51:52.753 [info] Extension host with pid 18204 started
2026-09-10 07:51:52.753 [info] Skipping acquiring lock for i:\BackFile\code\hornet-cpptools\Extension\artifacts\progress-host\user\User\workspaceStorage\f2dd3e803989e84d449700258c46ff45.
2026-09-10 07:51:52.853 [info] ExtensionService#_doActivateExtension vscode.github-authentication, startup: false, activationEvent: 'onAuthenticationRequest:github'
2026-09-10 07:51:52.878 [info] ExtensionService#_doActivateExtension vscode.emmet, startup: false, activationEvent: 'onLanguage'
2026-09-10 07:51:52.898 [info] ExtensionService#_doActivateExtension vscode.configuration-editing, startup: false, activationEvent: 'onLanguage:jsonc'
2026-09-10 07:51:52.907 [info] ExtensionService#_doActivateExtension vscode.json-language-features, startup: false, activationEvent: 'onLanguage:jsonc'
2026-09-10 07:51:52.991 [info] ExtensionService#_doActivateExtension vscode.typescript-language-features, startup: false, activationEvent: 'onLanguage:jsonc'
2026-09-10 07:51:53.132 [info] ExtensionService#_doActivateExtension vscode.git-base, startup: true, activationEvent: '*', root cause: vscode.git
2026-09-10 07:51:53.247 [info] ExtensionService#_doActivateExtension vscode.git, startup: true, activationEvent: '*'
2026-09-10 07:51:53.285 [info] ExtensionService#_doActivateExtension vscode.github, startup: true, activationEvent: '*'
2026-09-10 07:51:53.394 [info] ExtensionService#_doActivateExtension hornet.hornet-cpp, startup: true, activationEvent: 'workspaceContains:**/CMakeLists.txt,**/*.{c,cc,cpp,cxx,h,hh,hpp,hxx,cu,cuh}'
2026-09-10 07:51:53.665 [warning] [vscode.git] Accessing a resource scoped configuration without providing a resource is not expected. To get the effective value for 'git.openRepositoryInParentFolders', provide the URI of a resource or 'null' for any resource.
2026-09-10 07:51:53.665 [warning] [vscode.git] Accessing a resource scoped configuration without providing a resource is not expected. To get the effective value for 'git.showProgress', provide the URI of a resource or 'null' for any resource.
2026-09-10 07:51:53.684 [info] Eager extensions activated
2026-09-10 07:51:53.696 [info] ExtensionService#_doActivateExtension vscode.debug-auto-launch, startup: false, activationEvent: 'onStartupFinished'
2026-09-10 07:51:53.699 [info] ExtensionService#_doActivateExtension vscode.merge-conflict, startup: false, activationEvent: 'onStartupFinished'
2026-09-10 07:51:57.410 [warning] hornet.hornet-cpp created a webview without a content security policy: https://aka.ms/vscode-webview-missing-csp
2026-09-10 07:51:58.430 [warning] Accessing a resource scoped configuration without providing a resource is not expected. To get the effective value for 'search.useIgnoreFiles', provide the URI of a resource or 'null' for any resource.
2026-09-10 07:51:58.430 [warning] Accessing a resource scoped configuration without providing a resource is not expected. To get the effective value for 'search.useIgnoreFiles', provide the URI of a resource or 'null' for any resource.
2026-09-10 07:51:58.510 [info] Extension host terminating: received terminate message from renderer
2026-09-10 07:51:58.521 [error] Unable to refresh tree view hornet-cpp.callGraph: Canceled
2026-09-10 07:51:58.523 [error] Error: Channel has been closed
	at o (file:///d:/Software/Microsoft/Visual%20Studio%20Code/645f29cc31/resources/app/out/vs/workbench/api/node/extensionHostProcess.js:549:3524)
	at Object.appendLine (file:///d:/Software/Microsoft/Visual%20Studio%20Code/645f29cc31/resources/app/out/vs/workbench/api/node/extensionHostProcess.js:549:3663)
	at Object.log (i:\BackFile\code\hornet-cpptools\Extension\dist\hornet.js:14118:24)
	at Socket.<anonymous> (i:\BackFile\code\hornet-cpptools\Extension\dist\hornet.js:12062:52)
	at Socket.emit (node:events:509:28)
	at addChunk (node:internal/streams/readable:563:12)
	at readableAddChunkPushByteMode (node:internal/streams/readable:514:3)
	at Readable.push (node:internal/streams/readable:394:5)
	at Pipe.onStreamRead (node:internal/stream_base_commons:189:23)
2026-09-10 07:51:58.529 [error] Error: Channel has been closed
	at o (file:///d:/Software/Microsoft/Visual%20Studio%20Code/645f29cc31/resources/app/out/vs/workbench/api/node/extensionHostProcess.js:549:3524)
	at Object.appendLine (file:///d:/Software/Microsoft/Visual%20Studio%20Code/645f29cc31/resources/app/out/vs/workbench/api/node/extensionHostProcess.js:549:3663)
	at Object.log (i:\BackFile\code\hornet-cpptools\Extension\dist\hornet.js:14118:24)
	at Socket.<anonymous> (i:\BackFile\code\hornet-cpptools\Extension\dist\hornet.js:12062:52)
	at Socket.emit (node:events:509:28)
	at addChunk (node:internal/streams/readable:563:12)
	at readableAddChunkPushByteMode (node:internal/streams/readable:514:3)
	at Readable.push (node:internal/streams/readable:394:5)
	at Pipe.onStreamRead (node:internal/stream_base_commons:189:23)
2026-09-10 07:51:58.538 [info] Extension host with pid 18204 exiting with code 0
