Hornet C/C++ 0.1.3 (i:\BackFile\code\hornet-cpptools\Extension)
[2026-09-09T15:08:20.463Z] [project] [Compiler] Compilation database: 0 files from 0 sources
[2026-09-09T15:08:20.489Z] [project] [Compiler] No compilation database: inferred browsing commands for 2 source files. Build flags and macros may still be incomplete.
[2026-09-09T15:08:20.490Z] [project] [Compiler] Starting D:\Software\Microsoft\.vscode\user_data\User\globalStorage\llvm-vs-code-extensions.vscode-clangd\install\22.1.0\clangd_22.1.0\bin\clangd.exe
[2026-09-09T15:08:20.553Z] [project] [Compiler] I[08:08:20.548] clangd version 22.1.0 (https://github.com/llvm/llvm-project 4434dabb69916856b824f68a64b029c67175e532)
I[08:08:20.549] Features: windows+grpc
I[08:08:20.549] PID: 28340
I[08:08:20.549] Working directory: i:\BackFile\code\hornet-cpptools\Extension\artifacts\index-host\project
I[08:08:20.549] argv[0]: D:\Software\Microsoft\.vscode\user_data\User\globalStorage\llvm-vs-code-extensions.vscode-clangd\install\22.1.0\clangd_22.1.0\bin\clangd.exe
I[08:08:20.549] argv[1]: --background-index
I[08:08:20.549] argv[2]: --enable-config=0
I[08:08:20.549] argv[3]: --compile-commands-dir=I:\BackFile\code\hornet-cpptools\Extension\artifacts\index-host\project\.vscode\hornet\compile-db\fallback
I[08:08:20.549] argv[4]: -j=10
I[08:08:20.549] Starting LSP over stdin/stdout
I[08:08:20.549] <-- initialize(0)
[2026-09-09T15:08:20.570Z] [project] [Compiler] I[08:08:20.571] --> reply:initialize(0) 21 ms
[2026-09-09T15:08:20.572Z] [project] [Compiler] Compiler ready
[2026-09-09T15:08:20.577Z] [project] [Compiler] I[08:08:20.572] <-- initialized
[2026-09-09T15:08:20.578Z] [project] [Compiler] I[08:08:20.579] <-- textDocument/didOpen
[2026-09-09T15:08:20.578Z] [project] [Compiler] I[08:08:20.579] <-- textDocument/documentSymbol(1)
[2026-09-09T15:08:20.579Z] [project] [Compiler] I[08:08:20.580] Loaded compilation database from I:\BackFile\code\hornet-cpptools\Extension\artifacts\index-host\project\.vscode\hornet\compile-db\fallback\compile_commands.json
[2026-09-09T15:08:20.579Z] [project] [Compiler] I[08:08:20.580] ASTWorker building file I:\BackFile\code\hornet-cpptools\Extension\artifacts\index-host\project\a.cpp version 0 with command 
[I:\BackFile\code\hornet-cpptools\Extension\artifacts\index-host\project]
"D:\\Software\\Microsoft\\.vscode\\user_data\\User\\globalStorage\\llvm-vs-code-extensions.vscode-clangd\\install\\22.1.0\\clangd_22.1.0\\bin\\clang++" --driver-mode=g++ "-II:\\BackFile\\code\\hornet-cpptools\\Extension\\artifacts\\index-host\\project" -c "-resource-dir=D:\\Software\\Microsoft\\.vscode\\user_data\\User\\globalStorage\\llvm-vs-code-extensions.vscode-clangd\\install\\22.1.0\\clangd_22.1.0\\lib\\clang\\22" -- "I:\\BackFile\\code\\hornet-cpptools\\Extension\\artifacts\\index-host\\project\\a.cpp"
I[08:08:20.580] --> window/workDoneProgress/create(0)
I[08:08:20.580] Enqueueing 2 commands for indexing
[2026-09-09T15:08:20.581Z] [project] [Compiler] I[08:08:20.581] <-- reply(0)
I[08:08:20.581] --> $/progress
I[08:08:20.581] --> $/progress
[2026-09-09T15:08:20.586Z] [project] [Compiler] I[08:08:20.587] --> $/progress
[2026-09-09T15:08:20.587Z] [project] [Compiler] I[08:08:20.587] --> $/progress
I[08:08:20.587] --> $/progress
I[08:08:20.587] --> $/progress
[2026-09-09T15:08:20.597Z] [project] [Compiler] I[08:08:20.597] Indexed I:\BackFile\code\hornet-cpptools\Extension\artifacts\index-host\project\b.cpp (1 symbols, 1 refs, 1 files)
[2026-09-09T15:08:20.597Z] [project] [Compiler] I[08:08:20.598] Indexed I:\BackFile\code\hornet-cpptools\Extension\artifacts\index-host\project\a.cpp (1 symbols, 1 refs, 1 files)
[2026-09-09T15:08:20.604Z] [project] [Compiler] I[08:08:20.605] --> $/progress
[2026-09-09T15:08:20.604Z] [project] [Compiler] I[08:08:20.605] --> $/progress
[2026-09-09T15:08:20.607Z] [project] [Compiler] I[08:08:20.607] Built preamble of size 266880 for file I:\BackFile\code\hornet-cpptools\Extension\artifacts\index-host\project\a.cpp version 0 in 0.01 seconds
[2026-09-09T15:08:20.629Z] [project] [Compiler] I[08:08:20.630] --> textDocument/publishDiagnostics
[2026-09-09T15:08:20.630Z] [project] [Compiler] I[08:08:20.630] --> reply:textDocument/documentSymbol(1) 51 ms
[2026-09-09T15:08:20.755Z] [project] [Compiler] Compilation database: 0 files from 0 sources
[2026-09-09T15:08:20.758Z] [project] [Compiler] I[08:08:20.759] <-- shutdown(2)
I[08:08:20.759] --> reply:shutdown(2) 0 ms
[2026-09-09T15:08:20.796Z] [project] [Compiler] I[08:08:20.789] <-- exit
I[08:08:20.789] LSP finished, exiting with status 0
[2026-09-09T15:08:20.808Z] [project] [Compiler] No compilation database: inferred browsing commands for 3 source files. Build flags and macros may still be incomplete.
[2026-09-09T15:08:20.809Z] [project] [Compiler] Starting D:\Software\Microsoft\.vscode\user_data\User\globalStorage\llvm-vs-code-extensions.vscode-clangd\install\22.1.0\clangd_22.1.0\bin\clangd.exe
[2026-09-09T15:08:20.841Z] [project] [Compiler] Index build: Error: Index build interrupted by a language-service restart.
[2026-09-09T15:08:20.869Z] [project] [Compiler] I[08:08:20.869] clangd version 22.1.0 (https://github.com/llvm/llvm-project 4434dabb69916856b824f68a64b029c67175e532)
I[08:08:20.870] Features: windows+grpc
I[08:08:20.870] PID: 27656
I[08:08:20.870] Working directory: i:\BackFile\code\hornet-cpptools\Extension\artifacts\index-host\project
I[08:08:20.870] argv[0]: D:\Software\Microsoft\.vscode\user_data\User\globalStorage\llvm-vs-code-extensions.vscode-clangd\install\22.1.0\clangd_22.1.0\bin\clangd.exe
I[08:08:20.870] argv[1]: --background-index
I[08:08:20.870] argv[2]: --enable-config=0
I[08:08:20.870] argv[3]: --compile-commands-dir=I:\BackFile\code\hornet-cpptools\Extension\artifacts\index-host\project\.vscode\hornet\compile-db\fallback
I[08:08:20.870] argv[4]: -j=10
[2026-09-09T15:08:20.869Z] [project] [Compiler] I[08:08:20.870] Starting LSP over stdin/stdout
I[08:08:20.870] <-- initialize(0)
[2026-09-09T15:08:20.890Z] [project] [Compiler] I[08:08:20.890] --> reply:initialize(0) 20 ms
[2026-09-09T15:08:20.890Z] [project] [Compiler] Compiler ready
[2026-09-09T15:08:20.894Z] [project] [Compiler] I[08:08:20.891] <-- initialized
[2026-09-09T15:08:20.895Z] [project] [Compiler] I[08:08:20.895] <-- textDocument/didOpen
[2026-09-09T15:08:20.895Z] [project] [Compiler] I[08:08:20.896] <-- textDocument/documentSymbol(1)
[2026-09-09T15:08:20.896Z] [project] [Compiler] I[08:08:20.896] Loaded compilation database from I:\BackFile\code\hornet-cpptools\Extension\artifacts\index-host\project\.vscode\hornet\compile-db\fallback\compile_commands.json
[2026-09-09T15:08:20.896Z] [project] [Compiler] I[08:08:20.897] --> window/workDoneProgress/create(0)
I[08:08:20.897] ASTWorker building file I:\BackFile\code\hornet-cpptools\Extension\artifacts\index-host\project\a.cpp version 0 with command 
[I:\BackFile\code\hornet-cpptools\Extension\artifacts\index-host\project]
"D:\\Software\\Microsoft\\.vscode\\user_data\\User\\globalStorage\\llvm-vs-code-extensions.vscode-clangd\\install\\22.1.0\\clangd_22.1.0\\bin\\clang++" --driver-mode=g++ "-II:\\BackFile\\code\\hornet-cpptools\\Extension\\artifacts\\index-host\\project" -c "-resource-dir=D:\\Software\\Microsoft\\.vscode\\user_data\\User\\globalStorage\\llvm-vs-code-extensions.vscode-clangd\\install\\22.1.0\\clangd_22.1.0\\lib\\clang\\22" -- "I:\\BackFile\\code\\hornet-cpptools\\Extension\\artifacts\\index-host\\project\\a.cpp"
I[08:08:20.897] Enqueueing 3 commands for indexing
[2026-09-09T15:08:20.897Z] [project] [Compiler] I[08:08:20.897] <-- reply(0)
I[08:08:20.897] --> $/progress
I[08:08:20.898] --> $/progress
[2026-09-09T15:08:20.905Z] [project] [Compiler] I[08:08:20.906] --> $/progress
I[08:08:20.906] --> $/progress
[2026-09-09T15:08:20.906Z] [project] [Compiler] I[08:08:20.906] --> $/progress
[2026-09-09T15:08:20.917Z] [project] [Compiler] I[08:08:20.918] Indexed I:\BackFile\code\hornet-cpptools\Extension\artifacts\index-host\project\new.cpp (1 symbols, 1 refs, 1 files)
[2026-09-09T15:08:20.922Z] [project] [Compiler] I[08:08:20.922] Built preamble of size 266880 for file I:\BackFile\code\hornet-cpptools\Extension\artifacts\index-host\project\a.cpp version 0 in 0.01 seconds
[2026-09-09T15:08:20.923Z] [project] [Compiler] I[08:08:20.924] --> $/progress
[2026-09-09T15:08:20.942Z] [project] [Compiler] I[08:08:20.943] --> textDocument/publishDiagnostics
I[08:08:20.943] --> reply:textDocument/documentSymbol(1) 47 ms
[2026-09-09T15:08:20.952Z] [project] [Compiler] I[08:08:20.952] <-- workspace/didChangeWatchedFiles
[2026-09-09T15:08:20.952Z] [project] [Compiler] I[08:08:20.952] <-- workspace/didChangeWatchedFiles
[2026-09-09T15:08:21.465Z] [project] [Compiler] I[08:08:21.465] <-- shutdown(2)
I[08:08:21.465] --> reply:shutdown(2) 0 ms
[2026-09-09T15:08:21.470Z] [project] [Compiler] I[08:08:21.466] <-- exit
I[08:08:21.466] LSP finished, exiting with status 0
[2026-09-09T15:08:21.477Z] [project] [Compiler] No compilation database: inferred browsing commands for 3 source files. Build flags and macros may still be incomplete.
[2026-09-09T15:08:21.477Z] [project] [Compiler] Starting D:\Software\Microsoft\.vscode\user_data\User\globalStorage\llvm-vs-code-extensions.vscode-clangd\install\22.1.0\clangd_22.1.0\bin\clangd.exe
[2026-09-09T15:08:21.501Z] [project] [Compiler] Index build: Error: Index build interrupted by a language-service restart.
[2026-09-09T15:08:21.501Z] [ERROR] Index build interrupted by a language-service restart.
